[0;32m[INFO][0m Starting Performance Test Suite at Sat Jun 13 21:44:32 WEST 2026
[0;32m[INFO][0m Report will be saved to: ./performance-reports/synapse-performance-report-20260613-214432.md
[0;32m[INFO][0m Debug log: ./performance-reports/debug-20260613-214432.log
[0;32m[INFO][0m Application is running (PID: 25098)
[0;32m[INFO][0m Creating test message...
[0;32m[INFO][0m Running pre-flight checks...
[0;32m[INFO][0m Checking SQLite configuration...
[0;34m[DEBUG][0m SQLite journal_mode: wal
[0;34m[DEBUG][0m SQLite busy_timeout: 0
[0;34m[DEBUG][0m SQLite synchronous: 1
[0;32m[INFO][0m ✅ SQLite is in WAL mode
[1;33m[WARN][0m ⚠️  SQLite busy_timeout is 0 - writes will fail immediately on contention
[0;32m[INFO][0m Checking database indexes...
[0;32m[INFO][0m ✅ Pagination index (idx_ingested_event) exists
[0;32m[INFO][0m Collecting baseline metrics...
[0;34m[DEBUG][0m Baseline - Process:   0.1  0.1  31424 436676448
[0;34m[DEBUG][0m Baseline - DB: 6|0|0.0546875
[0;34m[DEBUG][0m Baseline - Events: 6
[0;34m[DEBUG][0m Baseline - Kafka LAG: 6
[0;32m[INFO][0m Starting Test 1: 10 msg/sec for 60 seconds (600 messages)
[0;32m[INFO][0m Sending messages...
[0;34m[DEBUG][0m [Test1] Kafka LAG: 6
[0;34m[DEBUG][0m [Test1] Kafka LAG: 19
[0;34m[DEBUG][0m [Test1] Kafka LAG: 37
[0;34m[DEBUG][0m [Test1] Kafka LAG: 55
[0;34m[DEBUG][0m [Test1] Kafka LAG: 73
[0;34m[DEBUG][0m [Test1] Kafka LAG: 82
[0;34m[DEBUG][0m [Test1] Kafka LAG: 96
[0;34m[DEBUG][0m [Test1] Kafka LAG: 114
[0;34m[DEBUG][0m [Test1] Kafka LAG: 132
[0;34m[DEBUG][0m [Test1] Kafka LAG: 141
[0;34m[DEBUG][0m [Test1] Kafka LAG: 159
[0;34m[DEBUG][0m [Test1] Kafka LAG: 177
[0;34m[DEBUG][0m [Test1] Kafka LAG: 195
[0;34m[DEBUG][0m [Test1] Kafka LAG: 204
[0;34m[DEBUG][0m [Test1] Kafka LAG: 220
[0;34m[DEBUG][0m [Test1] Kafka LAG: 238
[0;34m[DEBUG][0m [Test1] Kafka LAG: 256
[0;34m[DEBUG][0m [Test1] Kafka LAG: 265
[0;34m[DEBUG][0m [Test1] Kafka LAG: 283
[0;34m[DEBUG][0m [Test1] Kafka LAG: 301
[0;34m[DEBUG][0m [Test1] Kafka LAG: 319
[0;34m[DEBUG][0m [Test1] Kafka LAG: 328
[0;34m[DEBUG][0m [Test1] Kafka LAG: 345
[0;34m[DEBUG][0m [Test1] Kafka LAG: 363
[0;34m[DEBUG][0m [Test1] Kafka LAG: 381
[0;34m[DEBUG][0m [Test1] Kafka LAG: 399
[0;34m[DEBUG][0m [Test1] Kafka LAG: 408
[0;34m[DEBUG][0m [Test1] Kafka LAG: 426
[0;34m[DEBUG][0m [Test1] Kafka LAG: 444
[0;34m[DEBUG][0m [Test1] Kafka LAG: 461
[0;34m[DEBUG][0m [Test1] Kafka LAG: 479
[0;34m[DEBUG][0m [Test1] Kafka LAG: 488
[0;34m[DEBUG][0m [Test1] Kafka LAG: 506
[0;34m[DEBUG][0m [Test1] Kafka LAG: 524
[0;34m[DEBUG][0m [Test1] Kafka LAG: 542
[0;34m[DEBUG][0m [Test1] Kafka LAG: 551
[0;34m[DEBUG][0m [Test1] Kafka LAG: 569
[0;34m[DEBUG][0m [Test1] Kafka LAG: 586
[0;34m[DEBUG][0m [Test1] Kafka LAG: 604
[0;32m[INFO][0m Messages sent. Waiting 10 seconds for processing...
[0;34m[DEBUG][0m [Test1] Kafka LAG: 606
[0;34m[DEBUG][0m [Test1] Kafka LAG: 606
[0;34m[DEBUG][0m [Test1] Kafka LAG: 606
[0;34m[DEBUG][0m [Test1] Kafka LAG: 606
[0;34m[DEBUG][0m [Test1] Kafka LAG: 606
[0;32m[INFO][0m Sampling application logs for Test1...
[0;34m[DEBUG][0m [Test1] Error count in logs:        0
[0;32m[INFO][0m Test 1 Complete: 600/600 messages processed (100.00%)
[0;32m[INFO][0m Test 1 Peak LAG: 606, Avg LAG: 336, Final LAG: 606
[0;32m[INFO][0m Starting Test 2: 100 msg/sec for 60 seconds (6000 messages)
[0;32m[INFO][0m Sending messages...
[0;34m[DEBUG][0m [Test2] Kafka LAG: 606
[0;34m[DEBUG][0m [Test2] Kafka LAG: 669
[0;34m[DEBUG][0m [Test2] Kafka LAG: 750
[0;34m[DEBUG][0m [Test2] Kafka LAG: 839
[0;34m[DEBUG][0m [Test2] Kafka LAG: 923
[0;34m[DEBUG][0m [Test2] Kafka LAG: 1008
[0;34m[DEBUG][0m [Test2] Kafka LAG: 1097
[0;34m[DEBUG][0m [Test2] Kafka LAG: 1184
[0;34m[DEBUG][0m [Test2] Kafka LAG: 1224
[0;34m[DEBUG][0m [Test2] Kafka LAG: 1299
[0;34m[DEBUG][0m [Test2] Kafka LAG: 1386
[0;34m[DEBUG][0m [Test2] Kafka LAG: 1469
[0;34m[DEBUG][0m [Test2] Kafka LAG: 1553
[0;34m[DEBUG][0m [Test2] Kafka LAG: 1637
[0;34m[DEBUG][0m [Test2] Kafka LAG: 1726
[0;34m[DEBUG][0m [Test2] Kafka LAG: 1810
[0;34m[DEBUG][0m [Test2] Kafka LAG: 1853
[0;34m[DEBUG][0m [Test2] Kafka LAG: 1928
[0;34m[DEBUG][0m [Test2] Kafka LAG: 2014
[0;34m[DEBUG][0m [Test2] Kafka LAG: 2099
[0;34m[DEBUG][0m [Test2] Kafka LAG: 2184
[0;34m[DEBUG][0m [Test2] Kafka LAG: 2273
[0;34m[DEBUG][0m [Test2] Kafka LAG: 2363
[0;34m[DEBUG][0m [Test2] Kafka LAG: 2452
[0;34m[DEBUG][0m [Test2] Kafka LAG: 2495
[0;34m[DEBUG][0m [Test2] Kafka LAG: 2571
[0;34m[DEBUG][0m [Test2] Kafka LAG: 2660
[0;34m[DEBUG][0m [Test2] Kafka LAG: 2747
[0;34m[DEBUG][0m [Test2] Kafka LAG: 2837
[0;34m[DEBUG][0m [Test2] Kafka LAG: 2924
[0;34m[DEBUG][0m [Test2] Kafka LAG: 3011
[0;34m[DEBUG][0m [Test2] Kafka LAG: 3053
[0;34m[DEBUG][0m [Test2] Kafka LAG: 3140
[0;34m[DEBUG][0m [Test2] Kafka LAG: 3200
[0;34m[DEBUG][0m [Test2] Kafka LAG: 3286
[0;34m[DEBUG][0m [Test2] Kafka LAG: 3370
[0;34m[DEBUG][0m [Test2] Kafka LAG: 3454
[0;34m[DEBUG][0m [Test2] Kafka LAG: 3543
[0;34m[DEBUG][0m [Test2] Kafka LAG: 3633
[0;34m[DEBUG][0m [Test2] Kafka LAG: 3722
[0;34m[DEBUG][0m [Test2] Kafka LAG: 3766
[0;34m[DEBUG][0m [Test2] Kafka LAG: 3841
[0;34m[DEBUG][0m [Test2] Kafka LAG: 3927
[0;34m[DEBUG][0m [Test2] Kafka LAG: 4015
[0;34m[DEBUG][0m [Test2] Kafka LAG: 4101
[0;34m[DEBUG][0m [Test2] Kafka LAG: 4187
[0;34m[DEBUG][0m [Test2] Kafka LAG: 4229
[0;34m[DEBUG][0m [Test2] Kafka LAG: 4314
[0;34m[DEBUG][0m [Test2] Kafka LAG: 4397
[0;34m[DEBUG][0m [Test2] Kafka LAG: 4466
[0;34m[DEBUG][0m [Test2] Kafka LAG: 4551
[0;34m[DEBUG][0m [Test2] Kafka LAG: 4637
[0;34m[DEBUG][0m [Test2] Kafka LAG: 4723
[0;34m[DEBUG][0m [Test2] Kafka LAG: 4811
[0;34m[DEBUG][0m [Test2] Kafka LAG: 4855
[0;34m[DEBUG][0m [Test2] Kafka LAG: 4943
[0;34m[DEBUG][0m [Test2] Kafka LAG: 5033
[0;34m[DEBUG][0m [Test2] Kafka LAG: 5113
[0;34m[DEBUG][0m [Test2] Kafka LAG: 5201
[0;34m[DEBUG][0m [Test2] Kafka LAG: 5291
[0;34m[DEBUG][0m [Test2] Kafka LAG: 5378
[0;34m[DEBUG][0m [Test2] Kafka LAG: 5419
[0;34m[DEBUG][0m [Test2] Kafka LAG: 5505
[0;34m[DEBUG][0m [Test2] Kafka LAG: 5591
[0;34m[DEBUG][0m [Test2] Kafka LAG: 5671
[0;34m[DEBUG][0m [Test2] Kafka LAG: 5751
[0;34m[DEBUG][0m [Test2] Kafka LAG: 5836
[0;34m[DEBUG][0m [Test2] Kafka LAG: 5923
[0;34m[DEBUG][0m [Test2] Kafka LAG: 6008
[0;34m[DEBUG][0m [Test2] Kafka LAG: 6049
[0;34m[DEBUG][0m [Test2] Kafka LAG: 6137
[0;34m[DEBUG][0m [Test2] Kafka LAG: 6225
[0;34m[DEBUG][0m [Test2] Kafka LAG: 6307
[0;34m[DEBUG][0m [Test2] Kafka LAG: 6395
[0;34m[DEBUG][0m [Test2] Kafka LAG: 6482
[0;34m[DEBUG][0m [Test2] Kafka LAG: 6569
[0;32m[INFO][0m Messages sent. Waiting 10 seconds for processing...
[0;34m[DEBUG][0m [Test2] Kafka LAG: 6606
[0;34m[DEBUG][0m [Test2] Kafka LAG: 6606
[0;34m[DEBUG][0m [Test2] Kafka LAG: 6606
[0;34m[DEBUG][0m [Test2] Kafka LAG: 6606
[0;34m[DEBUG][0m [Test2] Kafka LAG: 6606
[0;32m[INFO][0m Sampling application logs for Test2...
[0;34m[DEBUG][0m [Test2] Error count in logs:        1
[0;32m[INFO][0m Test 2 Complete: 6000/6000 messages processed (100.00%)
[0;32m[INFO][0m Test 2 Peak LAG: 6606, Avg LAG: 3761, Final LAG: 6606
[0;32m[INFO][0m Starting Test 3: 500 msg/sec for 60 seconds (30,000 messages)
[0;32m[INFO][0m Sending messages...
[0;34m[DEBUG][0m [Test3] Kafka LAG: 6606
[0;34m[DEBUG][0m [Test3] Kafka LAG: 6870
[0;34m[DEBUG][0m [Test3] Kafka LAG: 7046
[0;34m[DEBUG][0m [Test3] Kafka LAG: 7310
[0;34m[DEBUG][0m [Test3] Kafka LAG: 7486
[0;34m[DEBUG][0m [Test3] Kafka LAG: 7662
[0;34m[DEBUG][0m [Test3] Kafka LAG: 7926
[0;34m[DEBUG][0m [Test3] Kafka LAG: 8095
[0;34m[DEBUG][0m [Test3] Kafka LAG: 8271
[0;34m[DEBUG][0m [Test3] Kafka LAG: 8535
[0;34m[DEBUG][0m [Test3] Kafka LAG: 8711
[0;34m[DEBUG][0m [Test3] Kafka LAG: 8887
[0;34m[DEBUG][0m [Test3] Kafka LAG: 9063
[0;34m[DEBUG][0m [Test3] Kafka LAG: 9239
[0;34m[DEBUG][0m [Test3] Kafka LAG: 9415
[0;34m[DEBUG][0m [Test3] Kafka LAG: 9586
[0;34m[DEBUG][0m [Test3] Kafka LAG: 9850
[0;34m[DEBUG][0m [Test3] Kafka LAG: 10114
[0;34m[DEBUG][0m [Test3] Kafka LAG: 10290
[0;34m[DEBUG][0m [Test3] Kafka LAG: 10554
[0;34m[DEBUG][0m [Test3] Kafka LAG: 10818
[0;34m[DEBUG][0m [Test3] Kafka LAG: 10994
[0;34m[DEBUG][0m [Test3] Kafka LAG: 11258
[0;34m[DEBUG][0m [Test3] Kafka LAG: 11434
[0;34m[DEBUG][0m [Test3] Kafka LAG: 11610
[0;34m[DEBUG][0m [Test3] Kafka LAG: 11874
[0;34m[DEBUG][0m [Test3] Kafka LAG: 12050
[0;34m[DEBUG][0m [Test3] Kafka LAG: 12226
[0;34m[DEBUG][0m [Test3] Kafka LAG: 12490
[0;34m[DEBUG][0m [Test3] Kafka LAG: 12666
[0;34m[DEBUG][0m [Test3] Kafka LAG: 12842
[0;34m[DEBUG][0m [Test3] Kafka LAG: 12998
[0;34m[DEBUG][0m [Test3] Kafka LAG: 13173
[0;34m[DEBUG][0m [Test3] Kafka LAG: 13349
[0;34m[DEBUG][0m [Test3] Kafka LAG: 13613
[0;34m[DEBUG][0m [Test3] Kafka LAG: 13789
[0;34m[DEBUG][0m [Test3] Kafka LAG: 14053
[0;34m[DEBUG][0m [Test3] Kafka LAG: 14317
[0;34m[DEBUG][0m [Test3] Kafka LAG: 14493
[0;34m[DEBUG][0m [Test3] Kafka LAG: 14757
[0;34m[DEBUG][0m [Test3] Kafka LAG: 14933
[0;34m[DEBUG][0m [Test3] Kafka LAG: 15197
[0;34m[DEBUG][0m [Test3] Kafka LAG: 15373
[0;34m[DEBUG][0m [Test3] Kafka LAG: 15549
[0;34m[DEBUG][0m [Test3] Kafka LAG: 15725
[0;34m[DEBUG][0m [Test3] Kafka LAG: 15989
[0;34m[DEBUG][0m [Test3] Kafka LAG: 16165
[0;34m[DEBUG][0m [Test3] Kafka LAG: 16335
[0;34m[DEBUG][0m [Test3] Kafka LAG: 16511
[0;34m[DEBUG][0m [Test3] Kafka LAG: 16687
[0;34m[DEBUG][0m [Test3] Kafka LAG: 16863
[0;34m[DEBUG][0m [Test3] Kafka LAG: 17127
[0;34m[DEBUG][0m [Test3] Kafka LAG: 17303
[0;34m[DEBUG][0m [Test3] Kafka LAG: 17567
[0;34m[DEBUG][0m [Test3] Kafka LAG: 17743
[0;34m[DEBUG][0m [Test3] Kafka LAG: 18007
[0;34m[DEBUG][0m [Test3] Kafka LAG: 18183
[0;34m[DEBUG][0m [Test3] Kafka LAG: 18447
[0;34m[DEBUG][0m [Test3] Kafka LAG: 18623
[0;34m[DEBUG][0m [Test3] Kafka LAG: 18799
[0;34m[DEBUG][0m [Test3] Kafka LAG: 19063
[0;34m[DEBUG][0m [Test3] Kafka LAG: 19239
[0;34m[DEBUG][0m [Test3] Kafka LAG: 19415
[0;34m[DEBUG][0m [Test3] Kafka LAG: 19584
[0;34m[DEBUG][0m [Test3] Kafka LAG: 19760
[0;34m[DEBUG][0m [Test3] Kafka LAG: 19936
[0;34m[DEBUG][0m [Test3] Kafka LAG: 20200
[0;34m[DEBUG][0m [Test3] Kafka LAG: 20376
[0;34m[DEBUG][0m [Test3] Kafka LAG: 20640
[0;34m[DEBUG][0m [Test3] Kafka LAG: 20816
[0;34m[DEBUG][0m [Test3] Kafka LAG: 21076
[0;34m[DEBUG][0m [Test3] Kafka LAG: 21252
[0;34m[DEBUG][0m [Test3] Kafka LAG: 21516
[0;34m[DEBUG][0m [Test3] Kafka LAG: 21692
[0;34m[DEBUG][0m [Test3] Kafka LAG: 21956
[0;34m[DEBUG][0m [Test3] Kafka LAG: 22132
[0;34m[DEBUG][0m [Test3] Kafka LAG: 22308
[0;34m[DEBUG][0m [Test3] Kafka LAG: 22484
[0;34m[DEBUG][0m [Test3] Kafka LAG: 22748
[0;34m[DEBUG][0m [Test3] Kafka LAG: 22924
[0;34m[DEBUG][0m [Test3] Kafka LAG: 23100
[0;34m[DEBUG][0m [Test3] Kafka LAG: 23276
[0;34m[DEBUG][0m [Test3] Kafka LAG: 23452
[0;34m[DEBUG][0m [Test3] Kafka LAG: 23628
[0;34m[DEBUG][0m [Test3] Kafka LAG: 23892
[0;34m[DEBUG][0m [Test3] Kafka LAG: 24156
[0;34m[DEBUG][0m [Test3] Kafka LAG: 24330
[0;34m[DEBUG][0m [Test3] Kafka LAG: 24594
[0;34m[DEBUG][0m [Test3] Kafka LAG: 24770
[0;34m[DEBUG][0m [Test3] Kafka LAG: 25034
[0;34m[DEBUG][0m [Test3] Kafka LAG: 25210
[0;34m[DEBUG][0m [Test3] Kafka LAG: 25386
[0;34m[DEBUG][0m [Test3] Kafka LAG: 25650
[0;34m[DEBUG][0m [Test3] Kafka LAG: 25826
[0;34m[DEBUG][0m [Test3] Kafka LAG: 26002
[0;34m[DEBUG][0m [Test3] Kafka LAG: 26178
[0;34m[DEBUG][0m [Test3] Kafka LAG: 26442
[0;34m[DEBUG][0m [Test3] Kafka LAG: 26618
[0;34m[DEBUG][0m [Test3] Kafka LAG: 26794
[0;34m[DEBUG][0m [Test3] Kafka LAG: 26970
[0;34m[DEBUG][0m [Test3] Kafka LAG: 27234
[0;34m[DEBUG][0m [Test3] Kafka LAG: 27410
[0;34m[DEBUG][0m [Test3] Kafka LAG: 27674
[0;34m[DEBUG][0m [Test3] Kafka LAG: 27850
[0;34m[DEBUG][0m [Test3] Kafka LAG: 28114
[0;34m[DEBUG][0m [Test3] Kafka LAG: 28290
[0;34m[DEBUG][0m [Test3] Kafka LAG: 28554
[0;34m[DEBUG][0m [Test3] Kafka LAG: 28730
[0;34m[DEBUG][0m [Test3] Kafka LAG: 28994
[0;34m[DEBUG][0m [Test3] Kafka LAG: 29170
[0;34m[DEBUG][0m [Test3] Kafka LAG: 29336
[0;34m[DEBUG][0m [Test3] Kafka LAG: 29512
[0;34m[DEBUG][0m [Test3] Kafka LAG: 29688
[0;34m[DEBUG][0m [Test3] Kafka LAG: 29864
[0;34m[DEBUG][0m [Test3] Kafka LAG: 30040
[0;34m[DEBUG][0m [Test3] Kafka LAG: 30304
[0;34m[DEBUG][0m [Test3] Kafka LAG: 30480
[0;34m[DEBUG][0m [Test3] Kafka LAG: 30744
[0;34m[DEBUG][0m [Test3] Kafka LAG: 30920
[0;34m[DEBUG][0m [Test3] Kafka LAG: 31184
[0;34m[DEBUG][0m [Test3] Kafka LAG: 31448
[0;34m[DEBUG][0m [Test3] Kafka LAG: 31624
[0;34m[DEBUG][0m [Test3] Kafka LAG: 31888
[0;34m[DEBUG][0m [Test3] Kafka LAG: 32064
[0;34m[DEBUG][0m [Test3] Kafka LAG: 32240
[0;34m[DEBUG][0m [Test3] Kafka LAG: 32504
[0;34m[DEBUG][0m [Test3] Kafka LAG: 32678
[0;34m[DEBUG][0m [Test3] Kafka LAG: 32854
[0;34m[DEBUG][0m [Test3] Kafka LAG: 33020
[0;34m[DEBUG][0m [Test3] Kafka LAG: 33196
[0;34m[DEBUG][0m [Test3] Kafka LAG: 33372
[0;34m[DEBUG][0m [Test3] Kafka LAG: 33536
[0;34m[DEBUG][0m [Test3] Kafka LAG: 33712
[0;34m[DEBUG][0m [Test3] Kafka LAG: 33976
[0;34m[DEBUG][0m [Test3] Kafka LAG: 34142
[0;34m[DEBUG][0m [Test3] Kafka LAG: 34406
[0;34m[DEBUG][0m [Test3] Kafka LAG: 34582
[0;34m[DEBUG][0m [Test3] Kafka LAG: 34827
[0;34m[DEBUG][0m [Test3] Kafka LAG: 35003
[0;34m[DEBUG][0m [Test3] Kafka LAG: 35179
[0;34m[DEBUG][0m [Test3] Kafka LAG: 35443
[0;34m[DEBUG][0m [Test3] Kafka LAG: 35619
[0;34m[DEBUG][0m [Test3] Kafka LAG: 35784
[0;34m[DEBUG][0m [Test3] Kafka LAG: 35960
[0;34m[DEBUG][0m [Test3] Kafka LAG: 36224
[0;34m[DEBUG][0m [Test3] Kafka LAG: 36400
[0;32m[INFO][0m Messages sent. Waiting 30 seconds for processing (larger backlog)...
[0;34m[DEBUG][0m [Test3] Kafka LAG: 36606
[0;34m[DEBUG][0m [Test3] Kafka LAG: 36606
[0;34m[DEBUG][0m [Test3] Kafka LAG: 36606
[0;34m[DEBUG][0m [Test3] Kafka LAG: 36606
[0;34m[DEBUG][0m [Test3] Kafka LAG: 36606
[0;34m[DEBUG][0m [Test3] Kafka LAG: 36606
[0;34m[DEBUG][0m [Test3] Kafka LAG: 36606
[0;34m[DEBUG][0m [Test3] Kafka LAG: 36606
[0;34m[DEBUG][0m [Test3] Kafka LAG: 36606
[0;34m[DEBUG][0m [Test3] Kafka LAG: 36606
[0;34m[DEBUG][0m [Test3] Kafka LAG: 36606
[0;34m[DEBUG][0m [Test3] Kafka LAG: 36606
[0;34m[DEBUG][0m [Test3] Kafka LAG: 36606
[0;34m[DEBUG][0m [Test3] Kafka LAG: 36606
[0;34m[DEBUG][0m [Test3] Kafka LAG: 36606
[0;34m[DEBUG][0m [Test3] Kafka LAG: 36606
[0;32m[INFO][0m Sampling application logs for Test3...
[0;34m[DEBUG][0m [Test3] Error count in logs:        2
[0;32m[INFO][0m Test 3 Complete: 27024/30,000 messages processed (90.08%)
[0;32m[INFO][0m Test 3 Peak LAG: 36606, Avg LAG: 23057, Final LAG: 36606
[0;32m[INFO][0m Collecting final database metrics...
[1;33m[WARN][0m Non-numeric throughput values - skipping regression check
[0;32m[INFO][0m Updating INDEX.md...
[0;32m[INFO][0m ✅ INDEX.md updated
[0;32m[INFO][0m Generating comparison chart...
[0;34m[DEBUG][0m Skipping invalid throughput value: ---------------------
[0;32m[INFO][0m ✅ Comparison chart generated: ./performance-reports/COMPARISON.md
[0;32m[INFO][0m Performance test complete!
[0;32m[INFO][0m Report saved to: ./performance-reports/synapse-performance-report-20260613-214432.md
[0;32m[INFO][0m Index updated: ./performance-reports/INDEX.md
[0;32m[INFO][0m Comparison chart: ./performance-reports/COMPARISON.md
[0;32m[INFO][0m Debug log saved to: ./performance-reports/debug-20260613-214432.log
[0;32m[INFO][0m View full report: cat ./performance-reports/synapse-performance-report-20260613-214432.md
[0;32m[INFO][0m View index: cat ./performance-reports/INDEX.md
[0;32m[INFO][0m View comparison: cat ./performance-reports/COMPARISON.md
[0;32m[INFO][0m View debug log: cat ./performance-reports/debug-20260613-214432.log
[0;32m[INFO][0m Index created: ./performance-reports/INDEX.md
[0;32m[INFO][0m Cleaning up background processes...
