[0;32m[INFO][0m Starting Performance Test Suite at Sat Jun 13 21:41:23 WEST 2026
[0;32m[INFO][0m Report will be saved to: ./performance-reports/synapse-performance-report-20260613-214123.md
[0;32m[INFO][0m Debug log: ./performance-reports/debug-20260613-214123.log
[0;32m[INFO][0m Application is running (PID: 25098)
[0;32m[INFO][0m Creating test message...
[0;32m[INFO][0m Running pre-flight checks...
[0;32m[INFO][0m Checking SQLite configuration...
[0;34m[DEBUG][0m SQLite journal_mode: wal
[0;34m[DEBUG][0m SQLite busy_timeout: 0
[0;34m[DEBUG][0m SQLite synchronous: 1
[0;32m[INFO][0m ✅ SQLite is in WAL mode
[1;33m[WARN][0m ⚠️  SQLite busy_timeout is 0 - writes will fail immediately on contention
[0;32m[INFO][0m Checking database indexes...
[0;32m[INFO][0m ✅ Pagination index (idx_ingested_event) exists
[0;32m[INFO][0m Collecting baseline metrics...
[0;34m[DEBUG][0m Baseline - Process:   0.1  0.1  31408 436676448
[0;34m[DEBUG][0m Baseline - DB: 6|0|0.0546875
[0;34m[DEBUG][0m Baseline - Events: 6
[0;34m[DEBUG][0m Baseline - Kafka LAG: 6
[0;32m[INFO][0m Starting Test 1: 10 msg/sec for 60 seconds (600 messages)
[0;32m[INFO][0m Sending messages...
[0;32m[INFO][0m Cleaning up background processes...
