[0;32m[INFO][0m Starting Performance Test Suite at Sat Mar 28 18:35:14 WET 2026
[0;32m[INFO][0m Report will be saved to: ./performance-reports/synapse-performance-report-20260328-183514.md
[0;32m[INFO][0m Debug log: ./performance-reports/debug-20260328-183514.log
[0;32m[INFO][0m Application is running (PID: 96563)
[0;32m[INFO][0m Creating test message...
[0;32m[INFO][0m Running pre-flight checks...
[0;32m[INFO][0m Checking SQLite configuration...
[0;34m[DEBUG][0m SQLite journal_mode: wal
[0;34m[DEBUG][0m SQLite busy_timeout: 0
[0;34m[DEBUG][0m SQLite synchronous: 1
[0;32m[INFO][0m ✅ SQLite is in WAL mode
[1;33m[WARN][0m ⚠️  SQLite busy_timeout is 0 - writes will fail immediately on contention
[0;32m[INFO][0m Checking database indexes...
[0;32m[INFO][0m ✅ Pagination index (idx_ingested_event) exists
[0;32m[INFO][0m Collecting baseline metrics...
[0;34m[DEBUG][0m Baseline - Process:   0.4  0.1  27552 444245696
[0;34m[DEBUG][0m Baseline - DB: 80048|0|49.52734375
[0;34m[DEBUG][0m Baseline - Events: 80048
[0;34m[DEBUG][0m Baseline - Kafka LAG: 0
[0;32m[INFO][0m Starting Test 1: 10 msg/sec for 60 seconds (600 messages)
[0;32m[INFO][0m Sending messages...
[0;34m[DEBUG][0m [Test1] Kafka LAG: 3
[0;34m[DEBUG][0m [Test1] Kafka LAG: 3
[0;34m[DEBUG][0m [Test1] Kafka LAG: 4
[0;34m[DEBUG][0m [Test1] Kafka LAG: 4
[0;34m[DEBUG][0m [Test1] Kafka LAG: 4
[0;34m[DEBUG][0m [Test1] Kafka LAG: 5
[0;34m[DEBUG][0m [Test1] Kafka LAG: 5
[0;34m[DEBUG][0m [Test1] Kafka LAG: 5
[0;34m[DEBUG][0m [Test1] Kafka LAG: 4
[0;34m[DEBUG][0m [Test1] Kafka LAG: 5
[0;34m[DEBUG][0m [Test1] Kafka LAG: 5
[0;34m[DEBUG][0m [Test1] Kafka LAG: 5
[0;34m[DEBUG][0m [Test1] Kafka LAG: 5
[0;34m[DEBUG][0m [Test1] Kafka LAG: 5
[0;34m[DEBUG][0m [Test1] Kafka LAG: 5
[0;34m[DEBUG][0m [Test1] Kafka LAG: 4
[0;34m[DEBUG][0m [Test1] Kafka LAG: 4
[0;34m[DEBUG][0m [Test1] Kafka LAG: 5
[0;34m[DEBUG][0m [Test1] Kafka LAG: 5
[0;34m[DEBUG][0m [Test1] Kafka LAG: 5
[0;34m[DEBUG][0m [Test1] Kafka LAG: 5
[0;34m[DEBUG][0m [Test1] Kafka LAG: 6
[0;34m[DEBUG][0m [Test1] Kafka LAG: 6
[0;34m[DEBUG][0m [Test1] Kafka LAG: 5
[0;34m[DEBUG][0m [Test1] Kafka LAG: 5
[0;34m[DEBUG][0m [Test1] Kafka LAG: 5
[0;34m[DEBUG][0m [Test1] Kafka LAG: 6
[0;34m[DEBUG][0m [Test1] Kafka LAG: 6
[0;34m[DEBUG][0m [Test1] Kafka LAG: 6
[0;34m[DEBUG][0m [Test1] Kafka LAG: 6
[0;34m[DEBUG][0m [Test1] Kafka LAG: 5
[0;34m[DEBUG][0m [Test1] Kafka LAG: 5
[0;34m[DEBUG][0m [Test1] Kafka LAG: 6
[0;34m[DEBUG][0m [Test1] Kafka LAG: 6
[0;34m[DEBUG][0m [Test1] Kafka LAG: 6
[0;34m[DEBUG][0m [Test1] Kafka LAG: 6
[0;34m[DEBUG][0m [Test1] Kafka LAG: 6
[0;34m[DEBUG][0m [Test1] Kafka LAG: 7
[0;34m[DEBUG][0m [Test1] Kafka LAG: 7
[0;34m[DEBUG][0m [Test1] Kafka LAG: 7
[0;34m[DEBUG][0m [Test1] Kafka LAG: 6
[0;34m[DEBUG][0m [Test1] Kafka LAG: 6
[0;34m[DEBUG][0m [Test1] Kafka LAG: 6
[0;34m[DEBUG][0m [Test1] Kafka LAG: 6
[0;34m[DEBUG][0m [Test1] Kafka LAG: 6
[0;34m[DEBUG][0m [Test1] Kafka LAG: 6
[0;34m[DEBUG][0m [Test1] Kafka LAG: 6
[0;32m[INFO][0m Messages sent. Waiting 10 seconds for processing...
[0;34m[DEBUG][0m [Test1] Kafka LAG: 0
[0;34m[DEBUG][0m [Test1] Kafka LAG: 0
[0;34m[DEBUG][0m [Test1] Kafka LAG: 0
[0;34m[DEBUG][0m [Test1] Kafka LAG: 0
[0;32m[INFO][0m Sampling application logs for Test1...
[0;34m[DEBUG][0m [Test1] Error count in logs:        0
[0;32m[INFO][0m Test 1 Complete: 600/600 messages processed (100.00%)
[0;32m[INFO][0m Test 1 Peak LAG: 7, Avg LAG: 4, Final LAG: 0
[0;32m[INFO][0m Starting Test 2: 100 msg/sec for 60 seconds (6000 messages)
[0;32m[INFO][0m Sending messages...
[0;34m[DEBUG][0m [Test2] Kafka LAG: 2
[0;34m[DEBUG][0m [Test2] Kafka LAG: 1
[0;34m[DEBUG][0m [Test2] Kafka LAG: 2
[0;34m[DEBUG][0m [Test2] Kafka LAG: 2
[0;34m[DEBUG][0m [Test2] Kafka LAG: 1
[0;34m[DEBUG][0m [Test2] Kafka LAG: 1
[0;34m[DEBUG][0m [Test2] Kafka LAG: 5
[0;34m[DEBUG][0m [Test2] Kafka LAG: 6
[0;34m[DEBUG][0m [Test2] Kafka LAG: 6
[0;34m[DEBUG][0m [Test2] Kafka LAG: 6
[0;34m[DEBUG][0m [Test2] Kafka LAG: 6
[0;34m[DEBUG][0m [Test2] Kafka LAG: 5
[0;34m[DEBUG][0m [Test2] Kafka LAG: 6
[0;34m[DEBUG][0m [Test2] Kafka LAG: 6
[0;34m[DEBUG][0m [Test2] Kafka LAG: 4
[0;34m[DEBUG][0m [Test2] Kafka LAG: 5
[0;34m[DEBUG][0m [Test2] Kafka LAG: 4
[0;34m[DEBUG][0m [Test2] Kafka LAG: 5
[0;34m[DEBUG][0m [Test2] Kafka LAG: 4
[0;34m[DEBUG][0m [Test2] Kafka LAG: 4
[0;34m[DEBUG][0m [Test2] Kafka LAG: 4
[0;34m[DEBUG][0m [Test2] Kafka LAG: 4
[0;34m[DEBUG][0m [Test2] Kafka LAG: 3
[0;34m[DEBUG][0m [Test2] Kafka LAG: 3
[0;34m[DEBUG][0m [Test2] Kafka LAG: 3
[0;34m[DEBUG][0m [Test2] Kafka LAG: 3
[0;34m[DEBUG][0m [Test2] Kafka LAG: 2
[0;34m[DEBUG][0m [Test2] Kafka LAG: 3
[0;34m[DEBUG][0m [Test2] Kafka LAG: 3
[0;34m[DEBUG][0m [Test2] Kafka LAG: 4
[0;34m[DEBUG][0m [Test2] Kafka LAG: 2
[0;34m[DEBUG][0m [Test2] Kafka LAG: 1
[0;34m[DEBUG][0m [Test2] Kafka LAG: 3
[0;34m[DEBUG][0m [Test2] Kafka LAG: 3
[0;34m[DEBUG][0m [Test2] Kafka LAG: 4
[0;34m[DEBUG][0m [Test2] Kafka LAG: 5
[0;34m[DEBUG][0m [Test2] Kafka LAG: 6
[0;34m[DEBUG][0m [Test2] Kafka LAG: 5
[0;34m[DEBUG][0m [Test2] Kafka LAG: 4
[0;34m[DEBUG][0m [Test2] Kafka LAG: 4
[0;34m[DEBUG][0m [Test2] Kafka LAG: 4
[0;34m[DEBUG][0m [Test2] Kafka LAG: 4
[0;34m[DEBUG][0m [Test2] Kafka LAG: 4
[0;34m[DEBUG][0m [Test2] Kafka LAG: 3
[0;34m[DEBUG][0m [Test2] Kafka LAG: 3
[0;34m[DEBUG][0m [Test2] Kafka LAG: 3
[0;34m[DEBUG][0m [Test2] Kafka LAG: 4
[0;34m[DEBUG][0m [Test2] Kafka LAG: 2
[0;34m[DEBUG][0m [Test2] Kafka LAG: 4
[0;34m[DEBUG][0m [Test2] Kafka LAG: 3
[0;34m[DEBUG][0m [Test2] Kafka LAG: 4
[0;34m[DEBUG][0m [Test2] Kafka LAG: 4
[0;34m[DEBUG][0m [Test2] Kafka LAG: 4
[0;34m[DEBUG][0m [Test2] Kafka LAG: 4
[0;34m[DEBUG][0m [Test2] Kafka LAG: 4
[0;34m[DEBUG][0m [Test2] Kafka LAG: 4
[0;34m[DEBUG][0m [Test2] Kafka LAG: 4
[0;34m[DEBUG][0m [Test2] Kafka LAG: 3
[0;34m[DEBUG][0m [Test2] Kafka LAG: 3
[0;34m[DEBUG][0m [Test2] Kafka LAG: 4
[0;34m[DEBUG][0m [Test2] Kafka LAG: 3
[0;34m[DEBUG][0m [Test2] Kafka LAG: 4
[0;34m[DEBUG][0m [Test2] Kafka LAG: 2
[0;34m[DEBUG][0m [Test2] Kafka LAG: 2
[0;34m[DEBUG][0m [Test2] Kafka LAG: 3
[0;34m[DEBUG][0m [Test2] Kafka LAG: 4
[0;34m[DEBUG][0m [Test2] Kafka LAG: 5
[0;34m[DEBUG][0m [Test2] Kafka LAG: 4
[0;34m[DEBUG][0m [Test2] Kafka LAG: 4
[0;34m[DEBUG][0m [Test2] Kafka LAG: 4
[0;34m[DEBUG][0m [Test2] Kafka LAG: 3
[0;34m[DEBUG][0m [Test2] Kafka LAG: 3
[0;34m[DEBUG][0m [Test2] Kafka LAG: 3
[0;34m[DEBUG][0m [Test2] Kafka LAG: 2
[0;34m[DEBUG][0m [Test2] Kafka LAG: 2
[0;34m[DEBUG][0m [Test2] Kafka LAG: 3
[0;34m[DEBUG][0m [Test2] Kafka LAG: 2
[0;34m[DEBUG][0m [Test2] Kafka LAG: 3
[0;34m[DEBUG][0m [Test2] Kafka LAG: 4
[0;34m[DEBUG][0m [Test2] Kafka LAG: 5
[0;34m[DEBUG][0m [Test2] Kafka LAG: 3
[0;34m[DEBUG][0m [Test2] Kafka LAG: 4
[0;34m[DEBUG][0m [Test2] Kafka LAG: 5
[0;34m[DEBUG][0m [Test2] Kafka LAG: 5
[0;34m[DEBUG][0m [Test2] Kafka LAG: 4
[0;34m[DEBUG][0m [Test2] Kafka LAG: 4
[0;34m[DEBUG][0m [Test2] Kafka LAG: 4
[0;34m[DEBUG][0m [Test2] Kafka LAG: 4
[0;34m[DEBUG][0m [Test2] Kafka LAG: 3
[0;34m[DEBUG][0m [Test2] Kafka LAG: 3
[0;34m[DEBUG][0m [Test2] Kafka LAG: 4
[0;34m[DEBUG][0m [Test2] Kafka LAG: 3
[0;34m[DEBUG][0m [Test2] Kafka LAG: 4
[0;34m[DEBUG][0m [Test2] Kafka LAG: 2
[0;34m[DEBUG][0m [Test2] Kafka LAG: 1
[0;34m[DEBUG][0m [Test2] Kafka LAG: 2
[0;34m[DEBUG][0m [Test2] Kafka LAG: 4
[0;34m[DEBUG][0m [Test2] Kafka LAG: 3
[0;34m[DEBUG][0m [Test2] Kafka LAG: 3
[0;34m[DEBUG][0m [Test2] Kafka LAG: 4
[0;34m[DEBUG][0m [Test2] Kafka LAG: 4
[0;34m[DEBUG][0m [Test2] Kafka LAG: 4
[0;34m[DEBUG][0m [Test2] Kafka LAG: 4
[0;34m[DEBUG][0m [Test2] Kafka LAG: 4
[0;34m[DEBUG][0m [Test2] Kafka LAG: 4
[0;34m[DEBUG][0m [Test2] Kafka LAG: 4
[0;34m[DEBUG][0m [Test2] Kafka LAG: 5
[0;34m[DEBUG][0m [Test2] Kafka LAG: 5
[0;34m[DEBUG][0m [Test2] Kafka LAG: 5
[0;34m[DEBUG][0m [Test2] Kafka LAG: 5
[0;34m[DEBUG][0m [Test2] Kafka LAG: 6
[0;34m[DEBUG][0m [Test2] Kafka LAG: 6
[0;34m[DEBUG][0m [Test2] Kafka LAG: 7
[0;34m[DEBUG][0m [Test2] Kafka LAG: 6
[0;34m[DEBUG][0m [Test2] Kafka LAG: 7
[0;34m[DEBUG][0m [Test2] Kafka LAG: 8
[0;34m[DEBUG][0m [Test2] Kafka LAG: 7
[0;34m[DEBUG][0m [Test2] Kafka LAG: 7
[0;34m[DEBUG][0m [Test2] Kafka LAG: 6
[0;34m[DEBUG][0m [Test2] Kafka LAG: 7
[0;34m[DEBUG][0m [Test2] Kafka LAG: 8
[0;34m[DEBUG][0m [Test2] Kafka LAG: 7
[0;34m[DEBUG][0m [Test2] Kafka LAG: 7
[0;34m[DEBUG][0m [Test2] Kafka LAG: 6
[0;34m[DEBUG][0m [Test2] Kafka LAG: 7
[0;34m[DEBUG][0m [Test2] Kafka LAG: 7
[0;34m[DEBUG][0m [Test2] Kafka LAG: 7
[0;34m[DEBUG][0m [Test2] Kafka LAG: 7
[0;34m[DEBUG][0m [Test2] Kafka LAG: 7
[0;34m[DEBUG][0m [Test2] Kafka LAG: 8
[0;34m[DEBUG][0m [Test2] Kafka LAG: 8
[0;34m[DEBUG][0m [Test2] Kafka LAG: 9
[0;34m[DEBUG][0m [Test2] Kafka LAG: 8
[0;34m[DEBUG][0m [Test2] Kafka LAG: 7
[0;34m[DEBUG][0m [Test2] Kafka LAG: 8
[0;34m[DEBUG][0m [Test2] Kafka LAG: 7
[0;34m[DEBUG][0m [Test2] Kafka LAG: 8
[0;34m[DEBUG][0m [Test2] Kafka LAG: 8
[0;34m[DEBUG][0m [Test2] Kafka LAG: 8
[0;34m[DEBUG][0m [Test2] Kafka LAG: 8
[0;34m[DEBUG][0m [Test2] Kafka LAG: 8
[0;34m[DEBUG][0m [Test2] Kafka LAG: 8
[0;34m[DEBUG][0m [Test2] Kafka LAG: 8
[0;34m[DEBUG][0m [Test2] Kafka LAG: 8
[0;34m[DEBUG][0m [Test2] Kafka LAG: 8
[0;34m[DEBUG][0m [Test2] Kafka LAG: 8
[0;34m[DEBUG][0m [Test2] Kafka LAG: 9
[0;34m[DEBUG][0m [Test2] Kafka LAG: 10
[0;34m[DEBUG][0m [Test2] Kafka LAG: 9
[0;34m[DEBUG][0m [Test2] Kafka LAG: 10
[0;32m[INFO][0m Messages sent. Waiting 10 seconds for processing...
[0;34m[DEBUG][0m [Test2] Kafka LAG: 0
[0;34m[DEBUG][0m [Test2] Kafka LAG: 0
[0;34m[DEBUG][0m [Test2] Kafka LAG: 0
[0;34m[DEBUG][0m [Test2] Kafka LAG: 0
[0;34m[DEBUG][0m [Test2] Kafka LAG: 0
[0;32m[INFO][0m Sampling application logs for Test2...
[0;34m[DEBUG][0m [Test2] Error count in logs:        1
[0;32m[INFO][0m Test 2 Complete: 6000/6000 messages processed (100.00%)
[0;32m[INFO][0m Test 2 Peak LAG: 10, Avg LAG: 4, Final LAG: 0
[0;32m[INFO][0m Starting Test 3: 500 msg/sec for 60 seconds (30,000 messages)
[0;32m[INFO][0m Sending messages...
[0;34m[DEBUG][0m [Test3] Kafka LAG: 12
[0;34m[DEBUG][0m [Test3] Kafka LAG: 13
[0;34m[DEBUG][0m [Test3] Kafka LAG: 19
[0;34m[DEBUG][0m [Test3] Kafka LAG: 18
[0;34m[DEBUG][0m [Test3] Kafka LAG: 20
[0;34m[DEBUG][0m [Test3] Kafka LAG: 19
[0;34m[DEBUG][0m [Test3] Kafka LAG: 17
[0;34m[DEBUG][0m [Test3] Kafka LAG: 18
[0;34m[DEBUG][0m [Test3] Kafka LAG: 18
[0;34m[DEBUG][0m [Test3] Kafka LAG: 17
[0;34m[DEBUG][0m [Test3] Kafka LAG: 19
[0;34m[DEBUG][0m [Test3] Kafka LAG: 19
[0;34m[DEBUG][0m [Test3] Kafka LAG: 20
[0;34m[DEBUG][0m [Test3] Kafka LAG: 18
[0;34m[DEBUG][0m [Test3] Kafka LAG: 18
[0;34m[DEBUG][0m [Test3] Kafka LAG: 18
[0;34m[DEBUG][0m [Test3] Kafka LAG: 17
[0;34m[DEBUG][0m [Test3] Kafka LAG: 17
[0;34m[DEBUG][0m [Test3] Kafka LAG: 17
[0;34m[DEBUG][0m [Test3] Kafka LAG: 17
[0;34m[DEBUG][0m [Test3] Kafka LAG: 18
[0;34m[DEBUG][0m [Test3] Kafka LAG: 17
[0;34m[DEBUG][0m [Test3] Kafka LAG: 14
[0;34m[DEBUG][0m [Test3] Kafka LAG: 16
[0;34m[DEBUG][0m [Test3] Kafka LAG: 15
[0;34m[DEBUG][0m [Test3] Kafka LAG: 16
[0;34m[DEBUG][0m [Test3] Kafka LAG: 16
[0;34m[DEBUG][0m [Test3] Kafka LAG: 15
[0;34m[DEBUG][0m [Test3] Kafka LAG: 16
[0;34m[DEBUG][0m [Test3] Kafka LAG: 15
[0;34m[DEBUG][0m [Test3] Kafka LAG: 16
[0;34m[DEBUG][0m [Test3] Kafka LAG: 16
[0;34m[DEBUG][0m [Test3] Kafka LAG: 16
[0;34m[DEBUG][0m [Test3] Kafka LAG: 17
[0;34m[DEBUG][0m [Test3] Kafka LAG: 16
[0;34m[DEBUG][0m [Test3] Kafka LAG: 15
[0;34m[DEBUG][0m [Test3] Kafka LAG: 16
[0;34m[DEBUG][0m [Test3] Kafka LAG: 16
[0;34m[DEBUG][0m [Test3] Kafka LAG: 16
[0;34m[DEBUG][0m [Test3] Kafka LAG: 15
[0;34m[DEBUG][0m [Test3] Kafka LAG: 15
[0;34m[DEBUG][0m [Test3] Kafka LAG: 13
[0;34m[DEBUG][0m [Test3] Kafka LAG: 14
[0;34m[DEBUG][0m [Test3] Kafka LAG: 13
[0;34m[DEBUG][0m [Test3] Kafka LAG: 14
[0;34m[DEBUG][0m [Test3] Kafka LAG: 14
[0;34m[DEBUG][0m [Test3] Kafka LAG: 13
[0;34m[DEBUG][0m [Test3] Kafka LAG: 13
[0;34m[DEBUG][0m [Test3] Kafka LAG: 14
[0;34m[DEBUG][0m [Test3] Kafka LAG: 13
[0;34m[DEBUG][0m [Test3] Kafka LAG: 14
[0;34m[DEBUG][0m [Test3] Kafka LAG: 14
[0;34m[DEBUG][0m [Test3] Kafka LAG: 13
[0;34m[DEBUG][0m [Test3] Kafka LAG: 13
[0;34m[DEBUG][0m [Test3] Kafka LAG: 4
[0;34m[DEBUG][0m [Test3] Kafka LAG: 7
[0;34m[DEBUG][0m [Test3] Kafka LAG: 9
[0;34m[DEBUG][0m [Test3] Kafka LAG: 9
[0;34m[DEBUG][0m [Test3] Kafka LAG: 9
[0;34m[DEBUG][0m [Test3] Kafka LAG: 9
[0;34m[DEBUG][0m [Test3] Kafka LAG: 9
[0;34m[DEBUG][0m [Test3] Kafka LAG: 9
[0;34m[DEBUG][0m [Test3] Kafka LAG: 6
[0;34m[DEBUG][0m [Test3] Kafka LAG: 7
[0;34m[DEBUG][0m [Test3] Kafka LAG: 7
[0;34m[DEBUG][0m [Test3] Kafka LAG: 5
[0;34m[DEBUG][0m [Test3] Kafka LAG: 5
[0;34m[DEBUG][0m [Test3] Kafka LAG: 5
[0;34m[DEBUG][0m [Test3] Kafka LAG: 6
[0;34m[DEBUG][0m [Test3] Kafka LAG: 5
[0;34m[DEBUG][0m [Test3] Kafka LAG: 6
[0;34m[DEBUG][0m [Test3] Kafka LAG: 6
[0;34m[DEBUG][0m [Test3] Kafka LAG: 5
[0;34m[DEBUG][0m [Test3] Kafka LAG: 5
[0;34m[DEBUG][0m [Test3] Kafka LAG: 6
[0;34m[DEBUG][0m [Test3] Kafka LAG: 4
[0;34m[DEBUG][0m [Test3] Kafka LAG: 5
[0;34m[DEBUG][0m [Test3] Kafka LAG: 4
[0;34m[DEBUG][0m [Test3] Kafka LAG: 4
[0;34m[DEBUG][0m [Test3] Kafka LAG: 4
[0;34m[DEBUG][0m [Test3] Kafka LAG: 3
[0;34m[DEBUG][0m [Test3] Kafka LAG: 3
[0;34m[DEBUG][0m [Test3] Kafka LAG: 3
[0;34m[DEBUG][0m [Test3] Kafka LAG: 2
[0;34m[DEBUG][0m [Test3] Kafka LAG: 3
[0;34m[DEBUG][0m [Test3] Kafka LAG: 4
[0;34m[DEBUG][0m [Test3] Kafka LAG: 4
[0;34m[DEBUG][0m [Test3] Kafka LAG: 2
[0;34m[DEBUG][0m [Test3] Kafka LAG: 3
[0;34m[DEBUG][0m [Test3] Kafka LAG: 3
[0;34m[DEBUG][0m [Test3] Kafka LAG: 2
[0;34m[DEBUG][0m [Test3] Kafka LAG: 2
[0;34m[DEBUG][0m [Test3] Kafka LAG: 3
[0;34m[DEBUG][0m [Test3] Kafka LAG: 0
[0;34m[DEBUG][0m [Test3] Kafka LAG: 27
[0;34m[DEBUG][0m [Test3] Kafka LAG: 28
[0;34m[DEBUG][0m [Test3] Kafka LAG: 27
[0;34m[DEBUG][0m [Test3] Kafka LAG: 26
[0;34m[DEBUG][0m [Test3] Kafka LAG: 27
[0;34m[DEBUG][0m [Test3] Kafka LAG: 28
[0;34m[DEBUG][0m [Test3] Kafka LAG: 27
[0;34m[DEBUG][0m [Test3] Kafka LAG: 28
[0;34m[DEBUG][0m [Test3] Kafka LAG: 28
[0;34m[DEBUG][0m [Test3] Kafka LAG: 27
[0;34m[DEBUG][0m [Test3] Kafka LAG: 3
[0;34m[DEBUG][0m [Test3] Kafka LAG: 3
[0;34m[DEBUG][0m [Test3] Kafka LAG: 1
[0;34m[DEBUG][0m [Test3] Kafka LAG: 1
[0;34m[DEBUG][0m [Test3] Kafka LAG: 2
[0;34m[DEBUG][0m [Test3] Kafka LAG: 2
[0;34m[DEBUG][0m [Test3] Kafka LAG: 26
[0;34m[DEBUG][0m [Test3] Kafka LAG: 27
[0;34m[DEBUG][0m [Test3] Kafka LAG: 27
[0;34m[DEBUG][0m [Test3] Kafka LAG: 26
[0;34m[DEBUG][0m [Test3] Kafka LAG: 25
[0;34m[DEBUG][0m [Test3] Kafka LAG: 27
[0;34m[DEBUG][0m [Test3] Kafka LAG: 26
[0;34m[DEBUG][0m [Test3] Kafka LAG: 27
[0;34m[DEBUG][0m [Test3] Kafka LAG: 26
[0;34m[DEBUG][0m [Test3] Kafka LAG: 27
[0;34m[DEBUG][0m [Test3] Kafka LAG: 25
[0;34m[DEBUG][0m [Test3] Kafka LAG: 25
[0;34m[DEBUG][0m [Test3] Kafka LAG: 27
[0;34m[DEBUG][0m [Test3] Kafka LAG: 26
[0;34m[DEBUG][0m [Test3] Kafka LAG: 26
[0;34m[DEBUG][0m [Test3] Kafka LAG: 26
[0;34m[DEBUG][0m [Test3] Kafka LAG: 25
[0;34m[DEBUG][0m [Test3] Kafka LAG: 24
[0;34m[DEBUG][0m [Test3] Kafka LAG: 25
[0;34m[DEBUG][0m [Test3] Kafka LAG: 25
[0;34m[DEBUG][0m [Test3] Kafka LAG: 23
[0;34m[DEBUG][0m [Test3] Kafka LAG: 25
[0;34m[DEBUG][0m [Test3] Kafka LAG: 25
[0;34m[DEBUG][0m [Test3] Kafka LAG: 27
[0;34m[DEBUG][0m [Test3] Kafka LAG: 27
[0;34m[DEBUG][0m [Test3] Kafka LAG: 26
[0;34m[DEBUG][0m [Test3] Kafka LAG: 26
[0;34m[DEBUG][0m [Test3] Kafka LAG: 27
[0;34m[DEBUG][0m [Test3] Kafka LAG: 28
[0;34m[DEBUG][0m [Test3] Kafka LAG: 25
[0;34m[DEBUG][0m [Test3] Kafka LAG: 25
[0;34m[DEBUG][0m [Test3] Kafka LAG: 26
[0;34m[DEBUG][0m [Test3] Kafka LAG: 25
[0;34m[DEBUG][0m [Test3] Kafka LAG: 25
[0;34m[DEBUG][0m [Test3] Kafka LAG: 24
[0;34m[DEBUG][0m [Test3] Kafka LAG: 25
[0;34m[DEBUG][0m [Test3] Kafka LAG: 25
[0;34m[DEBUG][0m [Test3] Kafka LAG: 23
[0;34m[DEBUG][0m [Test3] Kafka LAG: 24
[0;34m[DEBUG][0m [Test3] Kafka LAG: 23
[0;34m[DEBUG][0m [Test3] Kafka LAG: 24
[0;34m[DEBUG][0m [Test3] Kafka LAG: 24
[0;34m[DEBUG][0m [Test3] Kafka LAG: 25
[0;34m[DEBUG][0m [Test3] Kafka LAG: 24
[0;34m[DEBUG][0m [Test3] Kafka LAG: 23
[0;34m[DEBUG][0m [Test3] Kafka LAG: 23
[0;34m[DEBUG][0m [Test3] Kafka LAG: 23
[0;34m[DEBUG][0m [Test3] Kafka LAG: 23
[0;34m[DEBUG][0m [Test3] Kafka LAG: 21
[0;34m[DEBUG][0m [Test3] Kafka LAG: 21
[0;34m[DEBUG][0m [Test3] Kafka LAG: 21
[0;34m[DEBUG][0m [Test3] Kafka LAG: 21
[0;34m[DEBUG][0m [Test3] Kafka LAG: 22
[0;34m[DEBUG][0m [Test3] Kafka LAG: 21
[0;34m[DEBUG][0m [Test3] Kafka LAG: 20
[0;34m[DEBUG][0m [Test3] Kafka LAG: 19
[0;34m[DEBUG][0m [Test3] Kafka LAG: 19
[0;34m[DEBUG][0m [Test3] Kafka LAG: 21
[0;34m[DEBUG][0m [Test3] Kafka LAG: 18
[0;34m[DEBUG][0m [Test3] Kafka LAG: 19
[0;34m[DEBUG][0m [Test3] Kafka LAG: 20
[0;34m[DEBUG][0m [Test3] Kafka LAG: 19
[0;34m[DEBUG][0m [Test3] Kafka LAG: 17
[0;34m[DEBUG][0m [Test3] Kafka LAG: 18
[0;34m[DEBUG][0m [Test3] Kafka LAG: 18
[0;34m[DEBUG][0m [Test3] Kafka LAG: 17
[0;34m[DEBUG][0m [Test3] Kafka LAG: 17
[0;34m[DEBUG][0m [Test3] Kafka LAG: 18
[0;34m[DEBUG][0m [Test3] Kafka LAG: 16
[0;34m[DEBUG][0m [Test3] Kafka LAG: 16
[0;34m[DEBUG][0m [Test3] Kafka LAG: 17
[0;34m[DEBUG][0m [Test3] Kafka LAG: 18
[0;34m[DEBUG][0m [Test3] Kafka LAG: 18
[0;34m[DEBUG][0m [Test3] Kafka LAG: 18
[0;34m[DEBUG][0m [Test3] Kafka LAG: 19
[0;34m[DEBUG][0m [Test3] Kafka LAG: 18
[0;34m[DEBUG][0m [Test3] Kafka LAG: 18
[0;34m[DEBUG][0m [Test3] Kafka LAG: 18
[0;34m[DEBUG][0m [Test3] Kafka LAG: 18
[0;34m[DEBUG][0m [Test3] Kafka LAG: 17
[0;34m[DEBUG][0m [Test3] Kafka LAG: 17
[0;34m[DEBUG][0m [Test3] Kafka LAG: 18
[0;34m[DEBUG][0m [Test3] Kafka LAG: 16
[0;34m[DEBUG][0m [Test3] Kafka LAG: 18
[0;34m[DEBUG][0m [Test3] Kafka LAG: 16
[0;34m[DEBUG][0m [Test3] Kafka LAG: 16
[0;34m[DEBUG][0m [Test3] Kafka LAG: 17
[0;34m[DEBUG][0m [Test3] Kafka LAG: 18
[0;34m[DEBUG][0m [Test3] Kafka LAG: 19
[0;34m[DEBUG][0m [Test3] Kafka LAG: 16
[0;34m[DEBUG][0m [Test3] Kafka LAG: 16
[0;34m[DEBUG][0m [Test3] Kafka LAG: 17
[0;34m[DEBUG][0m [Test3] Kafka LAG: 16
[0;34m[DEBUG][0m [Test3] Kafka LAG: 16
[0;34m[DEBUG][0m [Test3] Kafka LAG: 17
[0;34m[DEBUG][0m [Test3] Kafka LAG: 19
[0;34m[DEBUG][0m [Test3] Kafka LAG: 17
[0;34m[DEBUG][0m [Test3] Kafka LAG: 17
[0;34m[DEBUG][0m [Test3] Kafka LAG: 18
[0;34m[DEBUG][0m [Test3] Kafka LAG: 21
[0;34m[DEBUG][0m [Test3] Kafka LAG: 23
[0;34m[DEBUG][0m [Test3] Kafka LAG: 21
[0;34m[DEBUG][0m [Test3] Kafka LAG: 23
[0;34m[DEBUG][0m [Test3] Kafka LAG: 23
[0;34m[DEBUG][0m [Test3] Kafka LAG: 22
[0;34m[DEBUG][0m [Test3] Kafka LAG: 22
[0;34m[DEBUG][0m [Test3] Kafka LAG: 22
[0;34m[DEBUG][0m [Test3] Kafka LAG: 21
[0;34m[DEBUG][0m [Test3] Kafka LAG: 21
[0;34m[DEBUG][0m [Test3] Kafka LAG: 21
[0;34m[DEBUG][0m [Test3] Kafka LAG: 20
[0;34m[DEBUG][0m [Test3] Kafka LAG: 20
[0;34m[DEBUG][0m [Test3] Kafka LAG: 21
[0;34m[DEBUG][0m [Test3] Kafka LAG: 21
[0;34m[DEBUG][0m [Test3] Kafka LAG: 19
[0;34m[DEBUG][0m [Test3] Kafka LAG: 19
[0;34m[DEBUG][0m [Test3] Kafka LAG: 19
[0;34m[DEBUG][0m [Test3] Kafka LAG: 18
[0;34m[DEBUG][0m [Test3] Kafka LAG: 19
[0;34m[DEBUG][0m [Test3] Kafka LAG: 19
[0;34m[DEBUG][0m [Test3] Kafka LAG: 17
[0;34m[DEBUG][0m [Test3] Kafka LAG: 17
[0;34m[DEBUG][0m [Test3] Kafka LAG: 16
[0;34m[DEBUG][0m [Test3] Kafka LAG: 18
[0;34m[DEBUG][0m [Test3] Kafka LAG: 19
[0;34m[DEBUG][0m [Test3] Kafka LAG: 18
[0;34m[DEBUG][0m [Test3] Kafka LAG: 18
[0;34m[DEBUG][0m [Test3] Kafka LAG: 18
[0;34m[DEBUG][0m [Test3] Kafka LAG: 17
[0;34m[DEBUG][0m [Test3] Kafka LAG: 18
[0;34m[DEBUG][0m [Test3] Kafka LAG: 19
[0;34m[DEBUG][0m [Test3] Kafka LAG: 19
[0;34m[DEBUG][0m [Test3] Kafka LAG: 19
[0;34m[DEBUG][0m [Test3] Kafka LAG: 18
[0;34m[DEBUG][0m [Test3] Kafka LAG: 19
[0;34m[DEBUG][0m [Test3] Kafka LAG: 18
[0;34m[DEBUG][0m [Test3] Kafka LAG: 19
[0;34m[DEBUG][0m [Test3] Kafka LAG: 19
[0;34m[DEBUG][0m [Test3] Kafka LAG: 17
[0;34m[DEBUG][0m [Test3] Kafka LAG: 18
[0;34m[DEBUG][0m [Test3] Kafka LAG: 18
[0;34m[DEBUG][0m [Test3] Kafka LAG: 19
[0;34m[DEBUG][0m [Test3] Kafka LAG: 16
[0;34m[DEBUG][0m [Test3] Kafka LAG: 17
[0;34m[DEBUG][0m [Test3] Kafka LAG: 17
[0;34m[DEBUG][0m [Test3] Kafka LAG: 15
[0;34m[DEBUG][0m [Test3] Kafka LAG: 16
[0;34m[DEBUG][0m [Test3] Kafka LAG: 17
[0;34m[DEBUG][0m [Test3] Kafka LAG: 17
[0;34m[DEBUG][0m [Test3] Kafka LAG: 16
[0;34m[DEBUG][0m [Test3] Kafka LAG: 16
[0;34m[DEBUG][0m [Test3] Kafka LAG: 17
[0;34m[DEBUG][0m [Test3] Kafka LAG: 15
[0;34m[DEBUG][0m [Test3] Kafka LAG: 16
[0;34m[DEBUG][0m [Test3] Kafka LAG: 17
[0;34m[DEBUG][0m [Test3] Kafka LAG: 20
[0;34m[DEBUG][0m [Test3] Kafka LAG: 19
[0;34m[DEBUG][0m [Test3] Kafka LAG: 19
[0;34m[DEBUG][0m [Test3] Kafka LAG: 19
[0;34m[DEBUG][0m [Test3] Kafka LAG: 19
[0;34m[DEBUG][0m [Test3] Kafka LAG: 17
[0;34m[DEBUG][0m [Test3] Kafka LAG: 18
[0;34m[DEBUG][0m [Test3] Kafka LAG: 19
[0;34m[DEBUG][0m [Test3] Kafka LAG: 17
[0;34m[DEBUG][0m [Test3] Kafka LAG: 19
[0;34m[DEBUG][0m [Test3] Kafka LAG: 19
[0;34m[DEBUG][0m [Test3] Kafka LAG: 17
[0;34m[DEBUG][0m [Test3] Kafka LAG: 17
[0;34m[DEBUG][0m [Test3] Kafka LAG: 16
[0;34m[DEBUG][0m [Test3] Kafka LAG: 17
[0;34m[DEBUG][0m [Test3] Kafka LAG: 14
[0;34m[DEBUG][0m [Test3] Kafka LAG: 25
[0;34m[DEBUG][0m [Test3] Kafka LAG: 4
[0;34m[DEBUG][0m [Test3] Kafka LAG: 6
[0;34m[DEBUG][0m [Test3] Kafka LAG: 9
[0;34m[DEBUG][0m [Test3] Kafka LAG: 9
[0;34m[DEBUG][0m [Test3] Kafka LAG: 9
[0;34m[DEBUG][0m [Test3] Kafka LAG: 10
[0;34m[DEBUG][0m [Test3] Kafka LAG: 8
[0;34m[DEBUG][0m [Test3] Kafka LAG: 8
[0;34m[DEBUG][0m [Test3] Kafka LAG: 10
[0;34m[DEBUG][0m [Test3] Kafka LAG: 9
[0;34m[DEBUG][0m [Test3] Kafka LAG: 9
[0;34m[DEBUG][0m [Test3] Kafka LAG: 10
[0;34m[DEBUG][0m [Test3] Kafka LAG: 10
[0;34m[DEBUG][0m [Test3] Kafka LAG: 10
[0;34m[DEBUG][0m [Test3] Kafka LAG: 11
[0;34m[DEBUG][0m [Test3] Kafka LAG: 11
[0;34m[DEBUG][0m [Test3] Kafka LAG: 11
[0;34m[DEBUG][0m [Test3] Kafka LAG: 10
[0;34m[DEBUG][0m [Test3] Kafka LAG: 10
[0;34m[DEBUG][0m [Test3] Kafka LAG: 10
[0;34m[DEBUG][0m [Test3] Kafka LAG: 11
[0;34m[DEBUG][0m [Test3] Kafka LAG: 9
[0;34m[DEBUG][0m [Test3] Kafka LAG: 10
[0;34m[DEBUG][0m [Test3] Kafka LAG: 10
[0;34m[DEBUG][0m [Test3] Kafka LAG: 10
[0;34m[DEBUG][0m [Test3] Kafka LAG: 10
[0;34m[DEBUG][0m [Test3] Kafka LAG: 11
[0;34m[DEBUG][0m [Test3] Kafka LAG: 9
[0;34m[DEBUG][0m [Test3] Kafka LAG: 11
[0;34m[DEBUG][0m [Test3] Kafka LAG: 11
[0;34m[DEBUG][0m [Test3] Kafka LAG: 9
[0;34m[DEBUG][0m [Test3] Kafka LAG: 9
[0;34m[DEBUG][0m [Test3] Kafka LAG: 9
[0;34m[DEBUG][0m [Test3] Kafka LAG: 8
[0;34m[DEBUG][0m [Test3] Kafka LAG: 9
[0;34m[DEBUG][0m [Test3] Kafka LAG: 10
[0;34m[DEBUG][0m [Test3] Kafka LAG: 9
[0;34m[DEBUG][0m [Test3] Kafka LAG: 8
[0;34m[DEBUG][0m [Test3] Kafka LAG: 8
[0;34m[DEBUG][0m [Test3] Kafka LAG: 9
[0;34m[DEBUG][0m [Test3] Kafka LAG: 9
[0;34m[DEBUG][0m [Test3] Kafka LAG: 7
[0;34m[DEBUG][0m [Test3] Kafka LAG: 8
[0;34m[DEBUG][0m [Test3] Kafka LAG: 9
[0;34m[DEBUG][0m [Test3] Kafka LAG: 8
[0;34m[DEBUG][0m [Test3] Kafka LAG: 8
[0;34m[DEBUG][0m [Test3] Kafka LAG: 7
[0;34m[DEBUG][0m [Test3] Kafka LAG: 7
[0;34m[DEBUG][0m [Test3] Kafka LAG: 7
[0;34m[DEBUG][0m [Test3] Kafka LAG: 8
[0;34m[DEBUG][0m [Test3] Kafka LAG: 6
[0;34m[DEBUG][0m [Test3] Kafka LAG: 6
[0;34m[DEBUG][0m [Test3] Kafka LAG: 7
[0;34m[DEBUG][0m [Test3] Kafka LAG: 6
[0;34m[DEBUG][0m [Test3] Kafka LAG: 6
[0;34m[DEBUG][0m [Test3] Kafka LAG: 6
[0;34m[DEBUG][0m [Test3] Kafka LAG: 6
[0;34m[DEBUG][0m [Test3] Kafka LAG: 6
[0;34m[DEBUG][0m [Test3] Kafka LAG: 8
[0;34m[DEBUG][0m [Test3] Kafka LAG: 10
[0;34m[DEBUG][0m [Test3] Kafka LAG: 11
[0;34m[DEBUG][0m [Test3] Kafka LAG: 10
[0;34m[DEBUG][0m [Test3] Kafka LAG: 10
[0;34m[DEBUG][0m [Test3] Kafka LAG: 8
[0;34m[DEBUG][0m [Test3] Kafka LAG: 9
[0;34m[DEBUG][0m [Test3] Kafka LAG: 8
[0;34m[DEBUG][0m [Test3] Kafka LAG: 9
[0;34m[DEBUG][0m [Test3] Kafka LAG: 9
[0;34m[DEBUG][0m [Test3] Kafka LAG: 9
[0;34m[DEBUG][0m [Test3] Kafka LAG: 9
[0;34m[DEBUG][0m [Test3] Kafka LAG: 7
[0;34m[DEBUG][0m [Test3] Kafka LAG: 8
[0;34m[DEBUG][0m [Test3] Kafka LAG: 10
[0;34m[DEBUG][0m [Test3] Kafka LAG: 10
[0;34m[DEBUG][0m [Test3] Kafka LAG: 10
[0;34m[DEBUG][0m [Test3] Kafka LAG: 10
[0;34m[DEBUG][0m [Test3] Kafka LAG: 10
[0;34m[DEBUG][0m [Test3] Kafka LAG: 9
[0;34m[DEBUG][0m [Test3] Kafka LAG: 9
[0;34m[DEBUG][0m [Test3] Kafka LAG: 10
[0;34m[DEBUG][0m [Test3] Kafka LAG: 9
[0;34m[DEBUG][0m [Test3] Kafka LAG: 9
[0;34m[DEBUG][0m [Test3] Kafka LAG: 9
[0;34m[DEBUG][0m [Test3] Kafka LAG: 10
[0;34m[DEBUG][0m [Test3] Kafka LAG: 8
[0;34m[DEBUG][0m [Test3] Kafka LAG: 9
[0;34m[DEBUG][0m [Test3] Kafka LAG: 10
[0;34m[DEBUG][0m [Test3] Kafka LAG: 9
[0;34m[DEBUG][0m [Test3] Kafka LAG: 9
[0;34m[DEBUG][0m [Test3] Kafka LAG: 9
[0;34m[DEBUG][0m [Test3] Kafka LAG: 9
[0;34m[DEBUG][0m [Test3] Kafka LAG: 9
[0;34m[DEBUG][0m [Test3] Kafka LAG: 9
[0;34m[DEBUG][0m [Test3] Kafka LAG: 9
[0;34m[DEBUG][0m [Test3] Kafka LAG: 9
[0;34m[DEBUG][0m [Test3] Kafka LAG: 8
[0;34m[DEBUG][0m [Test3] Kafka LAG: 9
[0;34m[DEBUG][0m [Test3] Kafka LAG: 8
[0;34m[DEBUG][0m [Test3] Kafka LAG: 8
[0;34m[DEBUG][0m [Test3] Kafka LAG: 9
[0;34m[DEBUG][0m [Test3] Kafka LAG: 7
[0;34m[DEBUG][0m [Test3] Kafka LAG: 8
[0;34m[DEBUG][0m [Test3] Kafka LAG: 9
[0;34m[DEBUG][0m [Test3] Kafka LAG: 8
[0;34m[DEBUG][0m [Test3] Kafka LAG: 7
[0;34m[DEBUG][0m [Test3] Kafka LAG: 8
[0;34m[DEBUG][0m [Test3] Kafka LAG: 7
[0;34m[DEBUG][0m [Test3] Kafka LAG: 8
[0;34m[DEBUG][0m [Test3] Kafka LAG: 9
[0;34m[DEBUG][0m [Test3] Kafka LAG: 7
[0;34m[DEBUG][0m [Test3] Kafka LAG: 7
[0;34m[DEBUG][0m [Test3] Kafka LAG: 8
[0;34m[DEBUG][0m [Test3] Kafka LAG: 9
[0;34m[DEBUG][0m [Test3] Kafka LAG: 7
[0;34m[DEBUG][0m [Test3] Kafka LAG: 7
[0;34m[DEBUG][0m [Test3] Kafka LAG: 8
[0;34m[DEBUG][0m [Test3] Kafka LAG: 6
[0;34m[DEBUG][0m [Test3] Kafka LAG: 7
[0;34m[DEBUG][0m [Test3] Kafka LAG: 8
[0;34m[DEBUG][0m [Test3] Kafka LAG: 6
[0;34m[DEBUG][0m [Test3] Kafka LAG: 7
[0;34m[DEBUG][0m [Test3] Kafka LAG: 7
[0;34m[DEBUG][0m [Test3] Kafka LAG: 5
[0;34m[DEBUG][0m [Test3] Kafka LAG: 5
[0;34m[DEBUG][0m [Test3] Kafka LAG: 6
[0;34m[DEBUG][0m [Test3] Kafka LAG: 5
[0;34m[DEBUG][0m [Test3] Kafka LAG: 5
[0;34m[DEBUG][0m [Test3] Kafka LAG: 7
[0;34m[DEBUG][0m [Test3] Kafka LAG: 7
[0;34m[DEBUG][0m [Test3] Kafka LAG: 5
[0;34m[DEBUG][0m [Test3] Kafka LAG: 6
[0;34m[DEBUG][0m [Test3] Kafka LAG: 7
[0;34m[DEBUG][0m [Test3] Kafka LAG: 5
[0;34m[DEBUG][0m [Test3] Kafka LAG: 6
[0;34m[DEBUG][0m [Test3] Kafka LAG: 6
[0;34m[DEBUG][0m [Test3] Kafka LAG: 5
[0;34m[DEBUG][0m [Test3] Kafka LAG: 6
[0;34m[DEBUG][0m [Test3] Kafka LAG: 6
[0;34m[DEBUG][0m [Test3] Kafka LAG: 6
[0;34m[DEBUG][0m [Test3] Kafka LAG: 7
[0;34m[DEBUG][0m [Test3] Kafka LAG: 6
[0;34m[DEBUG][0m [Test3] Kafka LAG: 6
[0;34m[DEBUG][0m [Test3] Kafka LAG: 6
[0;34m[DEBUG][0m [Test3] Kafka LAG: 5
[0;34m[DEBUG][0m [Test3] Kafka LAG: 5
[0;34m[DEBUG][0m [Test3] Kafka LAG: 6
[0;34m[DEBUG][0m [Test3] Kafka LAG: 4
[0;34m[DEBUG][0m [Test3] Kafka LAG: 4
[0;34m[DEBUG][0m [Test3] Kafka LAG: 6
[0;34m[DEBUG][0m [Test3] Kafka LAG: 6
[0;34m[DEBUG][0m [Test3] Kafka LAG: 4
[0;34m[DEBUG][0m [Test3] Kafka LAG: 5
[0;34m[DEBUG][0m [Test3] Kafka LAG: 5
[0;34m[DEBUG][0m [Test3] Kafka LAG: 3
[0;34m[DEBUG][0m [Test3] Kafka LAG: 4
[0;34m[DEBUG][0m [Test3] Kafka LAG: 5
[0;34m[DEBUG][0m [Test3] Kafka LAG: 5
[0;34m[DEBUG][0m [Test3] Kafka LAG: 5
[0;34m[DEBUG][0m [Test3] Kafka LAG: 5
[0;34m[DEBUG][0m [Test3] Kafka LAG: 5
[0;34m[DEBUG][0m [Test3] Kafka LAG: 3
[0;34m[DEBUG][0m [Test3] Kafka LAG: 3
[0;34m[DEBUG][0m [Test3] Kafka LAG: 3
[0;34m[DEBUG][0m [Test3] Kafka LAG: 4
[0;34m[DEBUG][0m [Test3] Kafka LAG: 3
[0;34m[DEBUG][0m [Test3] Kafka LAG: 3
[0;34m[DEBUG][0m [Test3] Kafka LAG: 3
[0;34m[DEBUG][0m [Test3] Kafka LAG: 1
[0;34m[DEBUG][0m [Test3] Kafka LAG: 27
[0;34m[DEBUG][0m [Test3] Kafka LAG: 2
[0;34m[DEBUG][0m [Test3] Kafka LAG: 2
[0;34m[DEBUG][0m [Test3] Kafka LAG: 2
[0;34m[DEBUG][0m [Test3] Kafka LAG: 28
[0;34m[DEBUG][0m [Test3] Kafka LAG: 27
[0;34m[DEBUG][0m [Test3] Kafka LAG: 26
[0;34m[DEBUG][0m [Test3] Kafka LAG: 27
[0;34m[DEBUG][0m [Test3] Kafka LAG: 27
[0;34m[DEBUG][0m [Test3] Kafka LAG: 26
[0;34m[DEBUG][0m [Test3] Kafka LAG: 27
[0;34m[DEBUG][0m [Test3] Kafka LAG: 25
[0;34m[DEBUG][0m [Test3] Kafka LAG: 26
[0;34m[DEBUG][0m [Test3] Kafka LAG: 26
[0;34m[DEBUG][0m [Test3] Kafka LAG: 27
[0;34m[DEBUG][0m [Test3] Kafka LAG: 26
[0;34m[DEBUG][0m [Test3] Kafka LAG: 26
[0;34m[DEBUG][0m [Test3] Kafka LAG: 26
[0;34m[DEBUG][0m [Test3] Kafka LAG: 25
[0;34m[DEBUG][0m [Test3] Kafka LAG: 26
[0;34m[DEBUG][0m [Test3] Kafka LAG: 26
[0;34m[DEBUG][0m [Test3] Kafka LAG: 27
[0;34m[DEBUG][0m [Test3] Kafka LAG: 25
[0;34m[DEBUG][0m [Test3] Kafka LAG: 26
[0;34m[DEBUG][0m [Test3] Kafka LAG: 23
[0;34m[DEBUG][0m [Test3] Kafka LAG: 25
[0;34m[DEBUG][0m [Test3] Kafka LAG: 25
[0;34m[DEBUG][0m [Test3] Kafka LAG: 24
[0;34m[DEBUG][0m [Test3] Kafka LAG: 23
[0;34m[DEBUG][0m [Test3] Kafka LAG: 26
[0;34m[DEBUG][0m [Test3] Kafka LAG: 24
[0;34m[DEBUG][0m [Test3] Kafka LAG: 23
[0;34m[DEBUG][0m [Test3] Kafka LAG: 24
[0;34m[DEBUG][0m [Test3] Kafka LAG: 23
[0;34m[DEBUG][0m [Test3] Kafka LAG: 23
[0;34m[DEBUG][0m [Test3] Kafka LAG: 24
[0;34m[DEBUG][0m [Test3] Kafka LAG: 22
[0;34m[DEBUG][0m [Test3] Kafka LAG: 23
[0;34m[DEBUG][0m [Test3] Kafka LAG: 24
[0;34m[DEBUG][0m [Test3] Kafka LAG: 24
[0;34m[DEBUG][0m [Test3] Kafka LAG: 22
[0;34m[DEBUG][0m [Test3] Kafka LAG: 22
[0;34m[DEBUG][0m [Test3] Kafka LAG: 22
[0;34m[DEBUG][0m [Test3] Kafka LAG: 21
[0;34m[DEBUG][0m [Test3] Kafka LAG: 22
[0;34m[DEBUG][0m [Test3] Kafka LAG: 22
[0;34m[DEBUG][0m [Test3] Kafka LAG: 20
[0;34m[DEBUG][0m [Test3] Kafka LAG: 22
[0;34m[DEBUG][0m [Test3] Kafka LAG: 22
[0;34m[DEBUG][0m [Test3] Kafka LAG: 20
[0;34m[DEBUG][0m [Test3] Kafka LAG: 21
[0;34m[DEBUG][0m [Test3] Kafka LAG: 23
[0;34m[DEBUG][0m [Test3] Kafka LAG: 24
[0;34m[DEBUG][0m [Test3] Kafka LAG: 21
[0;34m[DEBUG][0m [Test3] Kafka LAG: 21
[0;34m[DEBUG][0m [Test3] Kafka LAG: 24
[0;34m[DEBUG][0m [Test3] Kafka LAG: 25
[0;34m[DEBUG][0m [Test3] Kafka LAG: 23
[0;34m[DEBUG][0m [Test3] Kafka LAG: 20
[0;34m[DEBUG][0m [Test3] Kafka LAG: 25
[0;34m[DEBUG][0m [Test3] Kafka LAG: 25
[0;34m[DEBUG][0m [Test3] Kafka LAG: 24
[0;34m[DEBUG][0m [Test3] Kafka LAG: 25
[0;34m[DEBUG][0m [Test3] Kafka LAG: 25
[0;34m[DEBUG][0m [Test3] Kafka LAG: 27
[0;34m[DEBUG][0m [Test3] Kafka LAG: 25
[0;34m[DEBUG][0m [Test3] Kafka LAG: 25
[0;34m[DEBUG][0m [Test3] Kafka LAG: 24
[0;34m[DEBUG][0m [Test3] Kafka LAG: 24
[0;34m[DEBUG][0m [Test3] Kafka LAG: 23
[0;34m[DEBUG][0m [Test3] Kafka LAG: 24
[0;34m[DEBUG][0m [Test3] Kafka LAG: 23
[0;34m[DEBUG][0m [Test3] Kafka LAG: 23
[0;34m[DEBUG][0m [Test3] Kafka LAG: 24
[0;34m[DEBUG][0m [Test3] Kafka LAG: 25
[0;34m[DEBUG][0m [Test3] Kafka LAG: 23
[0;34m[DEBUG][0m [Test3] Kafka LAG: 24
[0;34m[DEBUG][0m [Test3] Kafka LAG: 23
[0;34m[DEBUG][0m [Test3] Kafka LAG: 22
[0;34m[DEBUG][0m [Test3] Kafka LAG: 23
[0;34m[DEBUG][0m [Test3] Kafka LAG: 22
[0;34m[DEBUG][0m [Test3] Kafka LAG: 21
[0;34m[DEBUG][0m [Test3] Kafka LAG: 22
[0;34m[DEBUG][0m [Test3] Kafka LAG: 23
[0;34m[DEBUG][0m [Test3] Kafka LAG: 24
[0;34m[DEBUG][0m [Test3] Kafka LAG: 23
[0;34m[DEBUG][0m [Test3] Kafka LAG: 22
[0;34m[DEBUG][0m [Test3] Kafka LAG: 23
[0;34m[DEBUG][0m [Test3] Kafka LAG: 21
[0;34m[DEBUG][0m [Test3] Kafka LAG: 21
[0;34m[DEBUG][0m [Test3] Kafka LAG: 23
[0;34m[DEBUG][0m [Test3] Kafka LAG: 23
[0;34m[DEBUG][0m [Test3] Kafka LAG: 21
[0;34m[DEBUG][0m [Test3] Kafka LAG: 22
[0;34m[DEBUG][0m [Test3] Kafka LAG: 23
[0;34m[DEBUG][0m [Test3] Kafka LAG: 21
[0;34m[DEBUG][0m [Test3] Kafka LAG: 23
[0;34m[DEBUG][0m [Test3] Kafka LAG: 23
[0;34m[DEBUG][0m [Test3] Kafka LAG: 21
[0;34m[DEBUG][0m [Test3] Kafka LAG: 22
[0;34m[DEBUG][0m [Test3] Kafka LAG: 22
[0;34m[DEBUG][0m [Test3] Kafka LAG: 21
[0;34m[DEBUG][0m [Test3] Kafka LAG: 22
[0;34m[DEBUG][0m [Test3] Kafka LAG: 22
[0;34m[DEBUG][0m [Test3] Kafka LAG: 21
[0;34m[DEBUG][0m [Test3] Kafka LAG: 20
[0;34m[DEBUG][0m [Test3] Kafka LAG: 21
[0;34m[DEBUG][0m [Test3] Kafka LAG: 20
[0;34m[DEBUG][0m [Test3] Kafka LAG: 18
[0;34m[DEBUG][0m [Test3] Kafka LAG: 19
[0;34m[DEBUG][0m [Test3] Kafka LAG: 20
[0;34m[DEBUG][0m [Test3] Kafka LAG: 20
[0;34m[DEBUG][0m [Test3] Kafka LAG: 18
[0;34m[DEBUG][0m [Test3] Kafka LAG: 19
[0;34m[DEBUG][0m [Test3] Kafka LAG: 20
[0;34m[DEBUG][0m [Test3] Kafka LAG: 21
[0;34m[DEBUG][0m [Test3] Kafka LAG: 23
[0;34m[DEBUG][0m [Test3] Kafka LAG: 23
[0;34m[DEBUG][0m [Test3] Kafka LAG: 20
[0;34m[DEBUG][0m [Test3] Kafka LAG: 22
[0;34m[DEBUG][0m [Test3] Kafka LAG: 22
[0;34m[DEBUG][0m [Test3] Kafka LAG: 22
[0;32m[INFO][0m Messages sent. Waiting 30 seconds for processing (larger backlog)...
[0;34m[DEBUG][0m [Test3] Kafka LAG: 1
[0;34m[DEBUG][0m [Test3] Kafka LAG: 0
[0;34m[DEBUG][0m [Test3] Kafka LAG: 0
[0;34m[DEBUG][0m [Test3] Kafka LAG: 0
[0;34m[DEBUG][0m [Test3] Kafka LAG: 0
[0;34m[DEBUG][0m [Test3] Kafka LAG: 0
[0;34m[DEBUG][0m [Test3] Kafka LAG: 0
[0;34m[DEBUG][0m [Test3] Kafka LAG: 0
[0;34m[DEBUG][0m [Test3] Kafka LAG: 0
[0;34m[DEBUG][0m [Test3] Kafka LAG: 0
[0;34m[DEBUG][0m [Test3] Kafka LAG: 0
[0;34m[DEBUG][0m [Test3] Kafka LAG: 0
[0;34m[DEBUG][0m [Test3] Kafka LAG: 0
[0;34m[DEBUG][0m [Test3] Kafka LAG: 0
[0;34m[DEBUG][0m [Test3] Kafka LAG: 0
[0;32m[INFO][0m Sampling application logs for Test3...
[0;34m[DEBUG][0m [Test3] Error count in logs:        2
[0;32m[INFO][0m Test 3 Complete: 30000/30,000 messages processed (100.00%)
[0;32m[INFO][0m Test 3 Peak LAG: 28, Avg LAG: 15, Final LAG: 0
[0;32m[INFO][0m Collecting final database metrics...
[1;33m[WARN][0m Non-numeric throughput values - skipping regression check
[0;32m[INFO][0m Updating INDEX.md...
[0;32m[INFO][0m ✅ INDEX.md updated
[0;32m[INFO][0m Generating comparison chart...
[0;34m[DEBUG][0m Skipping invalid throughput value: ---------------------
[0;32m[INFO][0m ✅ Comparison chart generated: ./performance-reports/COMPARISON.md
[0;32m[INFO][0m Performance test complete!
[0;32m[INFO][0m Report saved to: ./performance-reports/synapse-performance-report-20260328-183514.md
[0;32m[INFO][0m Index updated: ./performance-reports/INDEX.md
[0;32m[INFO][0m Comparison chart: ./performance-reports/COMPARISON.md
[0;32m[INFO][0m Debug log saved to: ./performance-reports/debug-20260328-183514.log
[0;32m[INFO][0m View full report: cat ./performance-reports/synapse-performance-report-20260328-183514.md
[0;32m[INFO][0m View index: cat ./performance-reports/INDEX.md
[0;32m[INFO][0m View comparison: cat ./performance-reports/COMPARISON.md
[0;32m[INFO][0m View debug log: cat ./performance-reports/debug-20260328-183514.log
[0;32m[INFO][0m Index created: ./performance-reports/INDEX.md
[0;32m[INFO][0m Cleaning up background processes...
