21:48:31 6606
21:48:33 6870
21:48:35 7046
21:48:37 7310
21:48:39 7486
21:48:41 7662
21:48:43 7926
21:48:45 8095
21:48:47 8271
21:48:48 8535
21:48:50 8711
21:48:52 8887
21:48:54 9063
21:48:56 9239
21:48:58 9415
21:49:00 9586
21:49:02 9850
21:49:03 10114
21:49:05 10290
21:49:07 10554
21:49:09 10818
21:49:11 10994
21:49:13 11258
21:49:15 11434
21:49:17 11610
21:49:18 11874
21:49:20 12050
21:49:22 12226
21:49:24 12490
21:49:26 12666
21:49:28 12842
21:49:30 12998
21:49:32 13173
21:49:34 13349
21:49:36 13613
21:49:37 13789
21:49:39 14053
21:49:41 14317
21:49:43 14493
21:49:45 14757
21:49:47 14933
21:49:49 15197
21:49:51 15373
21:49:53 15549
21:49:54 15725
21:49:56 15989
21:49:58 16165
21:50:00 16335
21:50:02 16511
21:50:04 16687
21:50:06 16863
21:50:08 17127
21:50:09 17303
21:50:11 17567
21:50:13 17743
21:50:15 18007
21:50:17 18183
21:50:19 18447
21:50:21 18623
21:50:23 18799
21:50:25 19063
21:50:26 19239
21:50:28 19415
21:50:30 19584
21:50:32 19760
21:50:34 19936
21:50:36 20200
21:50:38 20376
21:50:40 20640
21:50:42 20816
21:50:43 21076
21:50:45 21252
21:50:47 21516
21:50:49 21692
21:50:51 21956
21:50:53 22132
21:50:55 22308
21:50:57 22484
21:50:59 22748
21:51:00 22924
21:51:02 23100
21:51:04 23276
21:51:06 23452
21:51:08 23628
21:51:10 23892
21:51:12 24156
21:51:14 24330
21:51:16 24594
21:51:18 24770
21:51:19 25034
21:51:21 25210
21:51:23 25386
21:51:25 25650
21:51:27 25826
21:51:29 26002
21:51:31 26178
21:51:33 26442
21:51:34 26618
21:51:36 26794
21:51:38 26970
21:51:40 27234
21:51:42 27410
21:51:44 27674
21:51:46 27850
21:51:48 28114
21:51:50 28290
21:51:51 28554
21:51:53 28730
21:51:55 28994
21:51:57 29170
21:51:59 29336
21:52:01 29512
21:52:03 29688
21:52:05 29864
21:52:06 30040
21:52:08 30304
21:52:10 30480
21:52:12 30744
21:52:14 30920
21:52:16 31184
21:52:18 31448
21:52:20 31624
21:52:22 31888
21:52:23 32064
21:52:25 32240
21:52:27 32504
21:52:29 32678
21:52:31 32854
21:52:33 33020
21:52:35 33196
21:52:37 33372
21:52:39 33536
21:52:40 33712
21:52:42 33976
21:52:44 34142
21:52:46 34406
21:52:48 34582
21:52:50 34827
21:52:52 35003
21:52:54 35179
21:52:56 35443
21:52:58 35619
21:52:59 35784
21:53:01 35960
21:53:03 36224
21:53:05 36400
21:53:07 36606
21:53:09 36606
21:53:11 36606
21:53:13 36606
21:53:15 36606
21:53:16 36606
21:53:18 36606
21:53:20 36606
21:53:22 36606
21:53:24 36606
21:53:26 36606
21:53:28 36606
21:53:30 36606
21:53:32 36606
21:53:34 36606
21:53:35 36606
