18:42:11 12
18:42:13 13
18:42:15 19
18:42:17 18
18:42:19 20
18:42:21 19
18:42:23 17
18:42:25 18
18:42:27 18
18:42:29 17
18:42:31 19
18:42:33 19
18:42:35 20
18:42:37 18
18:42:39 18
18:42:41 18
18:42:43 17
18:42:45 17
18:42:47 17
18:42:49 17
18:42:51 18
18:42:53 17
18:42:55 14
18:42:57 16
18:42:59 15
18:43:01 16
18:43:03 16
18:43:05 15
18:43:07 16
18:43:09 15
18:43:11 16
18:43:13 16
18:43:15 16
18:43:17 17
18:43:19 16
18:43:21 15
18:43:23 16
18:43:25 16
18:43:27 16
18:43:29 15
18:43:31 15
18:43:33 13
18:43:35 14
18:43:37 13
18:43:39 14
18:43:41 14
18:43:43 13
18:43:45 13
18:43:47 14
18:43:49 13
18:43:51 14
18:43:53 14
18:43:55 13
18:43:57 13
18:43:59 4
18:44:01 7
18:44:03 9
18:44:05 9
18:44:07 9
18:44:09 9
18:44:11 9
18:44:13 9
18:44:15 6
18:44:17 7
18:44:19 7
18:44:21 5
18:44:23 5
18:44:25 5
18:44:27 6
18:44:29 5
18:44:31 6
18:44:33 6
18:44:35 5
18:44:37 5
18:44:39 6
18:44:41 4
18:44:43 5
18:44:45 4
18:44:47 4
18:44:49 4
18:44:51 3
18:44:53 3
18:44:55 3
18:44:57 2
18:44:59 3
18:45:01 4
18:45:03 4
18:45:05 2
18:45:07 3
18:45:09 3
18:45:11 2
18:45:13 2
18:45:15 3
18:45:17 0
18:45:19 27
18:45:21 28
18:45:23 27
18:45:25 26
18:45:27 27
18:45:29 28
18:45:31 27
18:45:33 28
18:45:35 28
18:45:37 27
18:45:39 3
18:45:41 3
18:45:43 1
18:45:45 1
18:45:47 2
18:45:49 2
18:45:51 26
18:45:53 27
18:45:55 27
18:45:57 26
18:45:59 25
18:46:01 27
18:46:03 26
18:46:05 27
18:46:07 26
18:46:09 27
18:46:11 25
18:46:13 25
18:46:15 27
18:46:17 26
18:46:19 26
18:46:21 26
18:46:23 25
18:46:25 24
18:46:27 25
18:46:29 25
18:46:31 23
18:46:33 25
18:46:35 25
18:46:37 27
18:46:39 27
18:46:41 26
18:46:43 26
18:46:45 27
18:46:47 28
18:46:49 25
18:46:51 25
18:46:53 26
18:46:55 25
18:46:57 25
18:46:59 24
18:47:01 25
18:47:03 25
18:47:05 23
18:47:07 24
18:47:09 23
18:47:11 24
18:47:13 24
18:47:15 25
18:47:17 24
18:47:19 23
18:47:21 23
18:47:23 23
18:47:25 23
18:47:27 21
18:47:29 21
18:47:31 21
18:47:33 21
18:47:35 22
18:47:37 21
18:47:39 20
18:47:41 19
18:47:43 19
18:47:45 21
18:47:47 18
18:47:49 19
18:47:51 20
18:47:53 19
18:47:55 17
18:47:57 18
18:47:59 18
18:48:01 17
18:48:03 17
18:48:05 18
18:48:07 16
18:48:09 16
18:48:11 17
18:48:13 18
18:48:15 18
18:48:17 18
18:48:19 19
18:48:21 18
18:48:23 18
18:48:25 18
18:48:27 18
18:48:29 17
18:48:31 17
18:48:33 18
18:48:35 16
18:48:37 18
18:48:39 16
18:48:41 16
18:48:43 17
18:48:45 18
18:48:47 19
18:48:49 16
18:48:51 16
18:48:53 17
18:48:55 16
18:48:57 16
18:48:59 17
18:49:01 19
18:49:03 17
18:49:05 17
18:49:07 18
18:49:09 21
18:49:11 23
18:49:13 21
18:49:15 23
18:49:17 23
18:49:19 22
18:49:21 22
18:49:23 22
18:49:25 21
18:49:27 21
18:49:29 21
18:49:31 20
18:49:33 20
18:49:35 21
18:49:37 21
18:49:39 19
18:49:41 19
18:49:43 19
18:49:45 18
18:49:47 19
18:49:49 19
18:49:51 17
18:49:53 17
18:49:55 16
18:49:57 18
18:49:59 19
18:50:01 18
18:50:03 18
18:50:05 18
18:50:07 17
18:50:09 18
18:50:11 19
18:50:13 19
18:50:15 19
18:50:17 18
18:50:19 19
18:50:21 18
18:50:23 19
18:50:25 19
18:50:27 17
18:50:29 18
18:50:31 18
18:50:33 19
18:50:35 16
18:50:37 17
18:50:39 17
18:50:41 15
18:50:43 16
18:50:45 17
18:50:47 17
18:50:49 16
18:50:51 16
18:50:53 17
18:50:55 15
18:50:57 16
18:50:59 17
18:51:01 20
18:51:03 19
18:51:05 19
18:51:07 19
18:51:09 19
18:51:11 17
18:51:13 18
18:51:15 19
18:51:17 17
18:51:19 19
18:51:21 19
18:51:23 17
18:51:25 17
18:51:27 16
18:51:29 17
18:51:31 14
18:51:33 25
18:51:35 4
18:51:37 6
18:51:39 9
18:51:41 9
18:51:43 9
18:51:45 10
18:51:47 8
18:51:49 8
18:51:51 10
18:51:53 9
18:51:55 9
18:51:57 10
18:52:00 10
18:52:02 10
18:52:04 11
18:52:06 11
18:52:08 11
18:52:10 10
18:52:11 10
18:52:13 10
18:52:15 11
18:52:17 9
18:52:19 10
18:52:21 10
18:52:24 10
18:52:25 10
18:52:27 11
18:52:29 9
18:52:32 11
18:52:33 11
18:52:35 9
18:52:37 9
18:52:39 9
18:52:41 8
18:52:43 9
18:52:45 10
18:52:47 9
18:52:49 8
18:52:51 8
18:52:53 9
18:52:55 9
18:52:57 7
18:52:59 8
18:53:01 9
18:53:03 8
18:53:05 8
18:53:07 7
18:53:09 7
18:53:11 7
18:53:13 8
18:53:15 6
18:53:17 6
18:53:19 7
18:53:21 6
18:53:23 6
18:53:25 6
18:53:27 6
18:53:29 6
18:53:31 8
18:53:33 10
18:53:35 11
18:53:37 10
18:53:39 10
18:53:41 8
18:53:43 9
18:53:45 8
18:53:47 9
18:53:49 9
18:53:51 9
18:53:53 9
18:53:55 7
18:53:57 8
18:53:59 10
18:54:01 10
18:54:03 10
18:54:05 10
18:54:07 10
18:54:09 9
18:54:11 9
18:54:13 10
18:54:15 9
18:54:17 9
18:54:19 9
18:54:21 10
18:54:23 8
18:54:25 9
18:54:27 10
18:54:29 9
18:54:31 9
18:54:33 9
18:54:35 9
18:54:37 9
18:54:39 9
18:54:41 9
18:54:43 9
18:54:45 8
18:54:47 9
18:54:49 8
18:54:51 8
18:54:53 9
18:54:55 7
18:54:57 8
18:54:59 9
18:55:01 8
18:55:03 7
18:55:05 8
18:55:07 7
18:55:09 8
18:55:11 9
18:55:13 7
18:55:15 7
18:55:17 8
18:55:19 9
18:55:21 7
18:55:23 7
18:55:25 8
18:55:27 6
18:55:29 7
18:55:31 8
18:55:33 6
18:55:35 7
18:55:37 7
18:55:39 5
18:55:41 5
18:55:43 6
18:55:45 5
18:55:47 5
18:55:49 7
18:55:51 7
18:55:53 5
18:55:55 6
18:55:57 7
18:55:59 5
18:56:01 6
18:56:03 6
18:56:05 5
18:56:07 6
18:56:09 6
18:56:11 6
18:56:13 7
18:56:15 6
18:56:17 6
18:56:19 6
18:56:21 5
18:56:23 5
18:56:25 6
18:56:27 4
18:56:29 4
18:56:31 6
18:56:33 6
18:56:35 4
18:56:37 5
18:56:39 5
18:56:41 3
18:56:43 4
18:56:45 5
18:56:47 5
18:56:49 5
18:56:51 5
18:56:53 5
18:56:55 3
18:56:57 3
18:56:59 3
18:57:01 4
18:57:03 3
18:57:05 3
18:57:07 3
18:57:09 1
18:57:11 27
18:57:13 2
18:57:15 2
18:57:17 2
18:57:19 28
18:57:21 27
18:57:23 26
18:57:25 27
18:57:27 27
18:57:29 26
18:57:31 27
18:57:33 25
18:57:35 26
18:57:37 26
18:57:39 27
18:57:41 26
18:57:43 26
18:57:45 26
18:57:47 25
18:57:49 26
18:57:51 26
18:57:53 27
18:57:55 25
18:57:57 26
18:57:59 23
18:58:01 25
18:58:03 25
18:58:05 24
18:58:07 23
18:58:09 26
18:58:11 24
18:58:13 23
18:58:15 24
18:58:17 23
18:58:19 23
18:58:21 24
18:58:23 22
18:58:25 23
18:58:27 24
18:58:29 24
18:58:31 22
18:58:33 22
18:58:35 22
18:58:37 21
18:58:39 22
18:58:41 22
18:58:43 20
18:58:45 22
18:58:47 22
18:58:49 20
18:58:51 21
18:58:53 23
18:58:55 24
18:58:57 21
18:58:59 21
18:59:01 24
18:59:03 25
18:59:05 23
18:59:07 20
18:59:09 25
18:59:11 25
18:59:13 24
18:59:15 25
18:59:17 25
18:59:19 27
18:59:21 25
18:59:23 25
18:59:25 24
18:59:27 24
18:59:29 23
18:59:31 24
18:59:33 23
18:59:35 23
18:59:37 24
18:59:39 25
18:59:41 23
18:59:43 24
18:59:45 23
18:59:47 22
18:59:49 23
18:59:51 22
18:59:53 21
18:59:55 22
18:59:57 23
18:59:59 24
19:00:01 23
19:00:03 22
19:00:05 23
19:00:07 21
19:00:09 21
19:00:11 23
19:00:13 23
19:00:15 21
19:00:17 22
19:00:19 23
19:00:21 21
19:00:23 23
19:00:25 23
19:00:27 21
19:00:29 22
19:00:31 22
19:00:33 21
19:00:35 22
19:00:37 22
19:00:39 21
19:00:41 20
19:00:43 21
19:00:45 20
19:00:47 18
19:00:49 19
19:00:51 20
19:00:53 20
19:00:55 18
19:00:57 19
19:00:59 20
19:01:01 21
19:01:03 23
19:01:05 23
19:01:07 20
19:01:09 22
19:01:11 22
19:01:13 22
19:01:15 1
19:01:17 0
19:01:19 0
19:01:21 0
19:01:23 0
19:01:25 0
19:01:27 0
19:01:29 0
19:01:31 0
19:01:33 0
19:01:35 0
19:01:37 0
19:01:39 0
19:01:41 0
19:01:43 0
