09:51:08 0
09:51:09 39
09:51:11 39
09:51:13 0
09:51:15 38
09:51:17 38
09:51:19 0
09:51:21 0
09:51:23 38
09:51:25 38
09:51:26 38
09:51:28 0
09:51:30 0
09:51:32 0
09:51:34 38
09:51:36 0
09:51:38 38
09:51:40 0
09:51:42 38
09:51:43 88
09:51:45 38
09:51:47 36
09:51:49 0
09:51:51 38
09:51:53 38
09:51:55 38
09:51:57 38
09:51:58 0
09:52:00 0
09:52:02 38
09:52:04 38
09:52:06 38
09:52:08 38
09:52:10 39
09:52:12 0
09:52:14 39
09:52:16 38
09:52:17 38
09:52:19 19
09:52:21 40
09:52:23 0
09:52:25 0
09:52:27 0
09:52:29 38
09:52:31 38
09:52:33 0
09:52:35 88
09:52:37 38
09:52:39 88
09:52:41 41
09:52:43 0
09:52:45 38
09:52:47 38
09:52:48 38
09:52:50 38
09:52:52 39
09:52:54 0
09:52:56 38
09:52:58 38
09:53:00 38
09:53:02 38
09:53:04 38
09:53:05 38
09:53:07 40
09:53:09 38
09:53:11 0
09:53:13 0
09:53:15 0
09:53:17 0
09:53:19 0
09:53:21 0
09:53:23 29
09:53:24 20
09:53:26 20
09:53:28 27
09:53:30 24
09:53:32 70
09:53:34 41
09:53:36 0
09:53:38 0
09:53:40 0
09:53:42 24
09:53:44 31
09:53:45 31
09:53:47 38
09:53:49 0
09:53:51 30
09:53:53 28
09:53:55 30
09:53:57 0
09:53:59 0
09:54:01 0
09:54:03 0
09:54:05 0
09:54:07 14
09:54:09 19
09:54:11 20
09:54:12 38
09:54:14 38
09:54:16 86
09:54:18 0
09:54:20 0
09:54:22 0
09:54:24 0
09:54:26 0
09:54:28 0
09:54:30 14
09:54:32 16
09:54:34 23
09:54:35 23
09:54:37 57
09:54:39 0
09:54:41 0
09:54:43 0
09:54:45 29
09:54:47 27
09:54:49 28
09:54:51 31
09:54:53 29
09:54:55 32
09:54:57 85
09:54:58 0
09:55:00 0
09:55:02 0
09:55:04 0
09:55:06 10
09:55:08 16
09:55:10 23
09:55:12 69
09:55:14 0
09:55:16 0
09:55:18 0
09:55:20 0
09:55:21 30
09:55:23 20
09:55:25 19
09:55:27 21
09:55:29 18
09:55:31 24
09:55:33 71
09:55:35 0
09:55:37 0
09:55:39 0
09:55:40 15
09:55:42 38
09:55:44 88
09:55:46 38
09:55:48 0
09:55:50 0
09:55:52 38
09:55:54 38
09:55:55 0
09:55:57 38
09:55:59 38
09:56:01 38
09:56:03 0
09:56:05 0
09:56:07 0
09:56:09 38
09:56:10 0
09:56:12 38
09:56:14 88
09:56:16 38
09:56:18 38
09:56:20 0
09:56:22 0
09:56:24 38
09:56:25 38
09:56:27 0
09:56:29 46
09:56:31 38
09:56:33 39
09:56:35 10
09:56:37 38
09:56:39 0
09:56:41 0
09:56:42 0
09:56:44 0
09:56:46 0
09:56:48 0
09:56:50 0
09:56:52 0
09:56:54 0
09:56:56 0
09:56:58 0
09:57:00 0
09:57:01 0
09:57:03 0
09:57:05 0
09:57:07 0
